<html>
<body>
<pre>
<h1>µVision Build Log</h1>
<h2>Tool Versions:</h2>
IDE-Version: ¦ÌVision V5.17.0.0
Copyright (C) 2015 ARM Ltd and ARM Germany GmbH. All rights reserved.
License Information: Tracy Wang, HP, LIC=RC9VE-50RA6-11ZPY-I5TNN-JVCYH-PW18D
 
Tool Versions:
Toolchain:       MDK-ARM Standard  Version: 5.17
Toolchain Path:  B:\Keil_v5\ARM\ARMCC\Bin
C Compiler:      Armcc.exe V5.06 update 1 (build 61)
Assembler:       Armasm.exe V5.06 update 1 (build 61)
Linker/Locator:  ArmLink.exe V5.06 update 1 (build 61)
Library Manager: ArmAr.exe V5.06 update 1 (build 61)
Hex Converter:   FromElf.exe V5.06 update 1 (build 61)
CPU DLL:         SARMCM3.DLL V5.17
Dialog DLL:      DCM.DLL V1.13.4.0
Target DLL:      Segger\JL2CM3.dll V2.99.16.0
Dialog DLL:      TCM.DLL V1.14.6.0
 
<h2>Project:</h2>
D:\Inovative Projects\2015quadrotor\micro quadrotor\MicroQuadrotor12-31\MDK-ARM\MicroQuadrotor.uvprojx
Project File Date:  12/19/2015

<h2>Output:</h2>
*** Using Compiler 'V5.06 update 1 (build 61)', folder: 'B:\Keil_v5\ARM\ARMCC\Bin'
Build target 'MicroQuadrotor Configuration'
compiling freertos.c...
../Src/freertos.c(298): warning:  #177-D: variable "usart_100mscounter" was declared but never referenced
      u32 usart_counter=0,usart_100mscounter=0;
../Src/freertos.c(299): warning:  #177-D: variable "Next30mstime" was declared but never referenced
      u32 Next30mstime=0,Next1000mstime=0;
../Src/freertos.c(299): warning:  #177-D: variable "Next1000mstime" was declared but never referenced
      u32 Next30mstime=0,Next1000mstime=0;
../Src/freertos.c(483): warning:  #177-D: variable "MotorBase_t" was declared but never referenced
      s32  MotorBase_t;
../Src/freertos.c: 4 warnings, 0 errors
linking...
Program Size: Code=41036 RO-data=1120 RW-data=940 ZI-data=36052  
FromELF: creating hex file...
"MicroQuadrotor Configuration/\.axf" - 0 Error(s), 4 Warning(s).

<h2>Software Packages used:</h2>

Package Vendor: ARM
                http://www.keil.com/pack/ARM.CMSIS.4.5.0.pack
                ARM::CMSIS:CORE:4.3.0
                CMSIS (Cortex Microcontroller Software Interface Standard)
   * Component: CORE Version: 4.3.0

<h2>Collection of Component include folders:</h2>
  D:\Inovative Projects\2015quadrotor\micro quadrotor\MicroQuadrotor12-31\MDK-ARM\RTE
  B:\Keil_v5\ARM\PACK\ARM\CMSIS\4.5.0\CMSIS\Include
  B:\Keil_v5\ARM\PACK\Keil\STM32F4xx_DFP\2.6.0\Drivers\CMSIS\Device\ST\STM32F4xx\Include

<h2>Collection of Component Files used:</h2>

   * Component: ARM::CMSIS:CORE:4.3.0
Build Time Elapsed:  00:00:17
</pre>
</body>
</html>
