Component: ARM Compiler 5.06 update 1 (build 61) Tool: armlink [4d35a8]

==============================================================================

Section Cross References

    main.o(i.SystemClock_Config) refers to stm32f4xx_hal_rcc.o(i.HAL_RCC_OscConfig) for HAL_RCC_OscConfig
    main.o(i.SystemClock_Config) refers to stm32f4xx_hal_rcc.o(i.HAL_RCC_ClockConfig) for HAL_RCC_ClockConfig
    main.o(i.SystemClock_Config) refers to stm32f4xx_hal_rcc.o(i.HAL_RCC_GetHCLKFreq) for HAL_RCC_GetHCLKFreq
    main.o(i.SystemClock_Config) refers to stm32f4xx_hal_cortex.o(i.HAL_SYSTICK_Config) for HAL_SYSTICK_Config
    main.o(i.SystemClock_Config) refers to stm32f4xx_hal_cortex.o(i.HAL_SYSTICK_CLKSourceConfig) for HAL_SYSTICK_CLKSourceConfig
    main.o(i.SystemClock_Config) refers to stm32f4xx_hal_cortex.o(i.HAL_NVIC_SetPriority) for HAL_NVIC_SetPriority
    main.o(i.main) refers to stm32f4xx_hal.o(i.HAL_Init) for HAL_Init
    main.o(i.main) refers to main.o(i.SystemClock_Config) for SystemClock_Config
    main.o(i.main) refers to gpio.o(i.MX_GPIO_Init) for MX_GPIO_Init
    main.o(i.main) refers to dma.o(i.MX_DMA_Init) for MX_DMA_Init
    main.o(i.main) refers to adc.o(i.MX_ADC1_Init) for MX_ADC1_Init
    main.o(i.main) refers to spi.o(i.MX_SPI2_Init) for MX_SPI2_Init
    main.o(i.main) refers to tim.o(i.MX_TIM1_Init) for MX_TIM1_Init
    main.o(i.main) refers to tim.o(i.MX_TIM2_Init) for MX_TIM2_Init
    main.o(i.main) refers to tim.o(i.MX_TIM4_Init) for MX_TIM4_Init
    main.o(i.main) refers to usart.o(i.MX_USART1_UART_Init) for MX_USART1_UART_Init
    main.o(i.main) refers to freertos.o(i.MX_FREERTOS_Init) for MX_FREERTOS_Init
    main.o(i.main) refers to cmsis_os.o(i.osKernelStart) for osKernelStart
    freertos.o(i.MX_FREERTOS_Init) refers to cmsis_os.o(i.osThreadCreate) for osThreadCreate
    freertos.o(i.MX_FREERTOS_Init) refers to freertos.o(.constdata) for .constdata
    freertos.o(i.MX_FREERTOS_Init) refers to freertos.o(.data) for .data
    freertos.o(i.OSStatTask) refers to cpustate.o(i.OS_TaskStat) for OS_TaskStat
    freertos.o(i.StartMathTask) refers to tasks.o(i.xTaskGetTickCount) for xTaskGetTickCount
    freertos.o(i.StartMathTask) refers to bmp280_support.o(i.BMP280_Init) for BMP280_Init
    freertos.o(i.StartMathTask) refers to tasks.o(i.vTaskDelayUntil) for vTaskDelayUntil
    freertos.o(i.StartMathTask) refers to quad_math.o(i.IMUSO3Thread) for IMUSO3Thread
    freertos.o(i.StartMathTask) refers to tasks.o(i.vTaskDelay) for vTaskDelay
    freertos.o(i.StartMathTask) refers to bmp280_support.o(i.bmp280_data_readout_template) for bmp280_data_readout_template
    freertos.o(i.StartMathTask) refers to control.o(i.Control) for Control
    freertos.o(i.StartMathTask) refers to freertos.o(.data) for .data
    freertos.o(i.StartObstacleTask) refers to tasks.o(i.xTaskGetTickCount) for xTaskGetTickCount
    freertos.o(i.StartObstacleTask) refers to tasks.o(i.vTaskDelayUntil) for vTaskDelayUntil
    freertos.o(i.StartObstacleTask) refers to stm32f4xx_hal_gpio.o(i.HAL_GPIO_WritePin) for HAL_GPIO_WritePin
    freertos.o(i.StartObstacleTask) refers to cmsis_os.o(i.osDelay) for osDelay
    freertos.o(i.StartObstacleTask) refers to adc.o(i.ADC_Callback1) for ADC_Callback1
    freertos.o(i.StartObstacleTask) refers to adc.o(i.ADC_Callback2) for ADC_Callback2
    freertos.o(i.StartObstacleTask) refers to adc.o(.bss) for ADC_ConvertedValue
    freertos.o(i.StartObstacleTask) refers to adc.o(.data) for BatteryVoltage
    freertos.o(i.StartupTask) refers to tasks.o(i.vTaskSuspend) for vTaskSuspend
    freertos.o(i.StartupTask) refers to stm32f4xx_hal_gpio.o(i.HAL_GPIO_WritePin) for HAL_GPIO_WritePin
    freertos.o(i.StartupTask) refers to port.o(i.vPortEnterCritical) for vPortEnterCritical
    freertos.o(i.StartupTask) refers to port.o(i.vPortExitCritical) for vPortExitCritical
    freertos.o(i.StartupTask) refers to tasks.o(i.vTaskDelay) for vTaskDelay
    freertos.o(i.StartupTask) refers to module_mpu9250.o(i.MPU9250_Init) for MPU9250_Init
    freertos.o(i.StartupTask) refers to control.o(i.ControlInit) for ControlInit
    freertos.o(i.StartupTask) refers to tim.o(i.LEDPWM) for LEDPWM
    freertos.o(i.StartupTask) refers to stm32f4xx_hal_uart.o(i.HAL_UART_Receive_IT) for HAL_UART_Receive_IT
    freertos.o(i.StartupTask) refers to stm32f4xx_hal_tim.o(i.HAL_TIM_PWM_Start) for HAL_TIM_PWM_Start
    freertos.o(i.StartupTask) refers to stm32f4xx_hal_adc.o(i.HAL_ADC_Start_DMA) for HAL_ADC_Start_DMA
    freertos.o(i.StartupTask) refers to tasks.o(i.vTaskResume) for vTaskResume
    freertos.o(i.StartupTask) refers to tasks.o(i.vTaskDelete) for vTaskDelete
    freertos.o(i.StartupTask) refers to freertos.o(.data) for .data
    freertos.o(i.StartupTask) refers to cpustate.o(.data) for OSIdleCtr
    freertos.o(i.StartupTask) refers to afei_bluetooth.o(.data) for rcv_data
    freertos.o(i.StartupTask) refers to usart.o(.bss) for huart1
    freertos.o(i.StartupTask) refers to tim.o(.bss) for htim1
[...]
    i.pxPortInitialiseStack                  0x08006cac   Section        0  port.o(i.pxPortInitialiseStack)
    i.read_compass_data                      0x08006cd4   Section        0  module_mpu9250.o(i.read_compass_data)
    i.sqrtf                                  0x08006cfe   Section        0  sqrtf.o(i.sqrtf)
    i.uxListRemove                           0x08006d3c   Section        0  list.o(i.uxListRemove)
    i.vApplicationIdleHook                   0x08006d60   Section        0  freertos.o(i.vApplicationIdleHook)
    i.vApplicationMallocFailedHook           0x08006d7c   Section        0  freertos.o(i.vApplicationMallocFailedHook)
    i.vApplicationStackOverflowHook          0x08006d7e   Section        0  freertos.o(i.vApplicationStackOverflowHook)
    i.vListInitialise                        0x08006d80   Section        0  list.o(i.vListInitialise)
    i.vListInitialiseItem                    0x08006d96   Section        0  list.o(i.vListInitialiseItem)
    i.vListInsert                            0x08006d9c   Section        0  list.o(i.vListInsert)
    i.vListInsertEnd                         0x08006dd2   Section        0  list.o(i.vListInsertEnd)
    i.vPortEnterCritical                     0x08006dec   Section        0  port.o(i.vPortEnterCritical)
    i.vPortExitCritical                      0x08006e2c   Section        0  port.o(i.vPortExitCritical)
    i.vPortFree                              0x08006e58   Section        0  heap_4.o(i.vPortFree)
    i.vPortSetupTimerInterrupt               0x08006eb4   Section        0  port.o(i.vPortSetupTimerInterrupt)
    i.vTaskDelay                             0x08006ed4   Section        0  tasks.o(i.vTaskDelay)
    i.vTaskDelayUntil                        0x08006f44   Section        0  tasks.o(i.vTaskDelayUntil)
    i.vTaskDelete                            0x08006ff8   Section        0  tasks.o(i.vTaskDelete)
    i.vTaskResume                            0x080070a0   Section        0  tasks.o(i.vTaskResume)
    i.vTaskStartScheduler                    0x08007124   Section        0  tasks.o(i.vTaskStartScheduler)
    i.vTaskSuspend                           0x0800718c   Section        0  tasks.o(i.vTaskSuspend)
    i.vTaskSuspendAll                        0x08007244   Section        0  tasks.o(i.vTaskSuspendAll)
    i.vTaskSwitchContext                     0x08007254   Section        0  tasks.o(i.vTaskSwitchContext)
    i.xPortGetFreeHeapSize                   0x080072cc   Section        0  heap_4.o(i.xPortGetFreeHeapSize)
    i.xPortStartScheduler                    0x080072d8   Section        0  port.o(i.xPortStartScheduler)
    i.xPortSysTickHandler                    0x080073cc   Section        0  port.o(i.xPortSysTickHandler)
    i.xTaskGenericCreate                     0x080073f8   Section        0  tasks.o(i.xTaskGenericCreate)
    i.xTaskGetSchedulerState                 0x08007500   Section        0  tasks.o(i.xTaskGetSchedulerState)
    i.xTaskGetTickCount                      0x0800751c   Section        0  tasks.o(i.xTaskGetTickCount)
    i.xTaskIncrementTick                     0x08007528   Section        0  tasks.o(i.xTaskIncrementTick)
    i.xTaskResumeAll                         0x080075fc   Section        0  tasks.o(i.xTaskResumeAll)
    .constdata                               0x080076c4   Section      120  freertos.o(.constdata)
    .constdata                               0x0800773c   Section       20  module_mpu9250.o(.constdata)
    .constdata                               0x08007750   Section       10  adc.o(.constdata)
    .constdata                               0x0800775c   Section       36  quad_math.o(.constdata)
    .constdata                               0x08007780   Section        8  stm32f4xx_hal_dma.o(.constdata)
    flagBitshiftOffset                       0x08007780   Data           8  stm32f4xx_hal_dma.o(.constdata)
    .constdata                               0x08007788   Section       16  stm32f4xx_hal_rcc.o(.constdata)
    .constdata                               0x08007798   Section      152  atan.o(.constdata)
    atanhi                                   0x08007798   Data          32  atan.o(.constdata)
    atanlo                                   0x080077b8   Data          32  atan.o(.constdata)
    aTodd                                    0x080077d8   Data          40  atan.o(.constdata)
    aTeven                                   0x08007800   Data          48  atan.o(.constdata)
    .constdata                               0x08007830   Section        8  qnan.o(.constdata)
    .constdata                               0x08007838   Section       32  rredf.o(.constdata)
    twooverpi                                0x08007838   Data          32  rredf.o(.constdata)
    .conststring                             0x08007858   Section       69  freertos.o(.conststring)
    .data                                    0x20000000   Section       28  freertos.o(.data)
    .data                                    0x2000001c   Section       24  cpustate.o(.data)
    .data                                    0x20000034   Section        2  module_mpu9250.o(.data)
    .data                                    0x20000038   Section       24  adc.o(.data)
    .data                                    0x20000050   Section       88  quad_math.o(.data)
    bFilterInit                              0x20000050   Data           1  quad_math.o(.data)
    calibrating                              0x20000051   Data           1  quad_math.o(.data)
    cnt                                      0x20000052   Data           2  quad_math.o(.data)
    tPrev                                    0x20000054   Data           2  quad_math.o(.data)
    offset_count                             0x20000056   Data           2  quad_math.o(.data)
    q0                                       0x20000058   Data           4  quad_math.o(.data)
    q1                                       0x2000005c   Data           4  quad_math.o(.data)
    q2                                       0x20000060   Data           4  quad_math.o(.data)
    q3                                       0x20000064   Data           4  quad_math.o(.data)
    dq0                                      0x20000068   Data           4  quad_math.o(.data)
    dq1                                      0x2000006c   Data           4  quad_math.o(.data)
    dq2                                      0x20000070   Data           4  quad_math.o(.data)
    dq3                                      0x20000074   Data           4  quad_math.o(.data)
    tPrev                                    0x20000078   Data           4  quad_math.o(.data)
    startTime                                0x2000007c   Data           4  quad_math.o(.data)
    q0q0                                     0x20000080   Data           4  quad_math.o(.data)
    q0q1                                     0x20000084   Data           4  quad_math.o(.data)
    q0q2                                     0x20000088   Data           4  quad_math.o(.data)
    q0q3                                     0x2000008c   Data           4  quad_math.o(.data)
    q1q1                                     0x20000090   Data           4  quad_math.o(.data)
    q1q2                                     0x20000094   Data           4  quad_math.o(.data)
    q1q3                                     0x20000098   Data           4  quad_math.o(.data)
    q2q2                                     0x2000009c   Data           4  quad_math.o(.data)
    q2q3                                     0x200000a0   Data           4  quad_math.o(.data)
    q3q3                                     0x200000a4   Data           4  quad_math.o(.data)
    .data                                    0x200000a8   Section      193  afei_bluetooth.o(.data)
    i                                        0x200000a8   Data           1  afei_bluetooth.o(.data)
    .data                                    0x20000169   Section        2  afei_bluetooth.o(.data)
    .data                                    0x2000016c   Section        4  bmp280.o(.data)
    p_bmp280                                 0x2000016c   Data           4  bmp280.o(.data)
    .data                                    0x20000170   Section      192  filter.o(.data)
    _cutoff_freq1                            0x20000170   Data           4  filter.o(.data)
    _a11                                     0x20000174   Data           4  filter.o(.data)
    _a21                                     0x20000178   Data           4  filter.o(.data)
    _b01                                     0x2000017c   Data           4  filter.o(.data)
    _b11                                     0x20000180   Data           4  filter.o(.data)
    _b21                                     0x20000184   Data           4  filter.o(.data)
    _delay_element_11                        0x20000188   Data           4  filter.o(.data)
    _delay_element_21                        0x2000018c   Data           4  filter.o(.data)
    _cutoff_freq2                            0x20000190   Data           4  filter.o(.data)
    _a12                                     0x20000194   Data           4  filter.o(.data)
    _a22                                     0x20000198   Data           4  filter.o(.data)
    _b02                                     0x2000019c   Data           4  filter.o(.data)
    _b12                                     0x200001a0   Data           4  filter.o(.data)
    _b22                                     0x200001a4   Data           4  filter.o(.data)
    _delay_element_12                        0x200001a8   Data           4  filter.o(.data)
    _delay_element_22                        0x200001ac   Data           4  filter.o(.data)
    _cutoff_freq3                            0x200001b0   Data           4  filter.o(.data)
    _a13                                     0x200001b4   Data           4  filter.o(.data)
    _a23                                     0x200001b8   Data           4  filter.o(.data)
    _b03                                     0x200001bc   Data           4  filter.o(.data)
    _b13                                     0x200001c0   Data           4  filter.o(.data)
    _b23                                     0x200001c4   Data           4  filter.o(.data)
    _delay_element_13                        0x200001c8   Data           4  filter.o(.data)
    _delay_element_23                        0x200001cc   Data           4  filter.o(.data)
    _cutoff_freq4                            0x200001d0   Data           4  filter.o(.data)
    _a14                                     0x200001d4   Data           4  filter.o(.data)
    _a24                                     0x200001d8   Data           4  filter.o(.data)
    _b04                                     0x200001dc   Data           4  filter.o(.data)
    _b14                                     0x200001e0   Data           4  filter.o(.data)
    _b24                                     0x200001e4   Data           4  filter.o(.data)
    _delay_element_14                        0x200001e8   Data           4  filter.o(.data)
    _delay_element_24                        0x200001ec   Data           4  filter.o(.data)
    _cutoff_freq5                            0x200001f0   Data           4  filter.o(.data)
    _a15                                     0x200001f4   Data           4  filter.o(.data)
    _a25                                     0x200001f8   Data           4  filter.o(.data)
    _b05                                     0x200001fc   Data           4  filter.o(.data)
    _b15                                     0x20000200   Data           4  filter.o(.data)
    _b25                                     0x20000204   Data           4  filter.o(.data)
    _delay_element_15                        0x20000208   Data           4  filter.o(.data)
    _delay_element_25                        0x2000020c   Data           4  filter.o(.data)
    _cutoff_freq6                            0x20000210   Data           4  filter.o(.data)
    _a16                                     0x20000214   Data           4  filter.o(.data)
    _a26                                     0x20000218   Data           4  filter.o(.data)
    _b06                                     0x2000021c   Data           4  filter.o(.data)
    _b16                                     0x20000220   Data           4  filter.o(.data)
    _b26                                     0x20000224   Data           4  filter.o(.data)
    _delay_element_16                        0x20000228   Data           4  filter.o(.data)
    _delay_element_26                        0x2000022c   Data           4  filter.o(.data)
    .data                                    0x20000230   Section        4  control.o(.data)
    .data                                    0x20000234   Section        4  control.o(.data)
    .data                                    0x20000238   Section        4  control.o(.data)
    .data                                    0x2000023c   Section       16  control.o(.data)
    .data                                    0x2000024c   Section       12  port.o(.data)
    ucMaxSysCallPriority                     0x2000024c   Data           1  port.o(.data)
    uxCriticalNesting                        0x20000250   Data           4  port.o(.data)
    ulMaxPRIGROUPValue                       0x20000254   Data           4  port.o(.data)
    .data                                    0x20000258   Section       24  heap_4.o(.data)
    pxEnd                                    0x20000258   Data           4  heap_4.o(.data)
    xFreeBytesRemaining                      0x2000025c   Data           4  heap_4.o(.data)
    xMinimumEverFreeBytesRemaining           0x20000260   Data           4  heap_4.o(.data)
    xBlockAllocatedBit                       0x20000264   Data           4  heap_4.o(.data)
    xStart                                   0x20000268   Data           8  heap_4.o(.data)
    .data                                    0x20000270   Section       56  tasks.o(.data)
    uxTasksDeleted                           0x20000274   Data           4  tasks.o(.data)
    uxCurrentNumberOfTasks                   0x20000278   Data           4  tasks.o(.data)
    xTickCount                               0x2000027c   Data           4  tasks.o(.data)
    uxTopReadyPriority                       0x20000280   Data           4  tasks.o(.data)
    xSchedulerRunning                        0x20000284   Data           4  tasks.o(.data)
    uxPendedTicks                            0x20000288   Data           4  tasks.o(.data)
    xYieldPending                            0x2000028c   Data           4  tasks.o(.data)
    xNumOfOverflows                          0x20000290   Data           4  tasks.o(.data)
    uxTaskNumber                             0x20000294   Data           4  tasks.o(.data)
    xNextTaskUnblockTime                     0x20000298   Data           4  tasks.o(.data)
    uxSchedulerSuspended                     0x2000029c   Data           4  tasks.o(.data)
    pxDelayedTaskList                        0x200002a0   Data           4  tasks.o(.data)
    pxOverflowDelayedTaskList                0x200002a4   Data           4  tasks.o(.data)
    .data                                    0x200002a8   Section        4  stm32f4xx_hal.o(.data)
    uwTick                                   0x200002a8   Data           4  stm32f4xx_hal.o(.data)
    .data                                    0x200002ac   Section        4  system_stm32f4xx.o(.data)
    .data                                    0x200002b0   Section        4  errno.o(.data)
    _errno                                   0x200002b0   Data           4  errno.o(.data)
    .bss                                     0x200002b4   Section       20  mpu9250.o(.bss)
    .bss                                     0x200002c8   Section      476  adc.o(.bss)
    .bss                                     0x200004a4   Section      180  tim.o(.bss)
    .bss                                     0x20000558   Section       64  usart.o(.bss)
    .bss                                     0x20000598   Section       88  spi.o(.bss)
    .bss                                     0x200005f0   Section      240  quad_math.o(.bss)
    gyro_bias                                0x200006b0   Data          12  quad_math.o(.bss)
    accSum                                   0x200006bc   Data          12  quad_math.o(.bss)
    gyroSum                                  0x200006c8   Data          12  quad_math.o(.bss)
    gyro_offsets_sum                         0x200006d4   Data          12  quad_math.o(.bss)
    .bss                                     0x200006e0   Section        9  afei_bluetooth.o(.bss)
    .bss                                     0x200006ec   Section       68  bmp280_support.o(.bss)
    .bss                                     0x20000730   Section      656  control.o(.bss)
    .bss                                     0x200009c0   Section    15360  heap_4.o(.bss)
    ucHeap                                   0x200009c0   Data       15360  heap_4.o(.bss)
    .bss                                     0x200045c0   Section      240  tasks.o(.bss)
    pxReadyTasksLists                        0x200045c0   Data         140  tasks.o(.bss)
    xDelayedTaskList1                        0x2000464c   Data          20  tasks.o(.bss)
    xDelayedTaskList2                        0x20004660   Data          20  tasks.o(.bss)
    xPendingReadyList                        0x20004674   Data          20  tasks.o(.bss)
    xTasksWaitingTermination                 0x20004688   Data          20  tasks.o(.bss)
    xSuspendedTaskList                       0x2000469c   Data          20  tasks.o(.bss)
    STACK                                    0x200046b0   Section     1024  startup_stm32f411xe.o(STACK)

    Global Symbols

    Symbol Name                              Value     Ov Type        Size  Object(Section)

    BuildAttributes$$THM_ISAv4$E$P$D$K$B$S$7EM$VFPi3$EXTD16$VFPS$VFMA$PE$A:L22UL41UL21$X:L11$S22US41US21$IEEE1$IW$USESV6$~STKCKD$USESV7$~SHL$OTIME$ROPI$IEEEX$EBA8$MICROLIB$REQ8$PRES8$EABIv2 0x00000000   Number         0  anon$$obj.o ABSOLUTE
    __ARM_use_no_argv                        0x00000000   Number         0  main.o ABSOLUTE
    __cpp_initialize__aeabi_                  - Undefined Weak Reference
    __cxa_finalize                            - Undefined Weak Reference
    _clock_init                               - Undefined Weak Reference
    _microlib_exit                            - Undefined Weak Reference
    __Vectors_Size                           0x00000198   Number         0  startup_stm32f411xe.o ABSOLUTE
    __Vectors                                0x08000000   Data           4  startup_stm32f411xe.o(RESET)
    __Vectors_End                            0x08000198   Data           0  startup_stm32f411xe.o(RESET)
    __main                                   0x08000199   Thumb Code     0  entry.o(.ARM.Collect$$$$00000000)
    _main_stk                                0x08000199   Thumb Code     0  entry2.o(.ARM.Collect$$$$00000001)
    _main_scatterload                        0x0800019d   Thumb Code     0  entry5.o(.ARM.Collect$$$$00000004)
    __main_after_scatterload                 0x080001a1   Thumb Code     0  entry5.o(.ARM.Collect$$$$00000004)
    _main_clock                              0x080001a1   Thumb Code     0  entry7b.o(.ARM.Collect$$$$00000008)
    _main_cpp_init                           0x080001a1   Thumb Code     0  entry8b.o(.ARM.Collect$$$$0000000A)
    _main_init                               0x080001a1   Thumb Code     0  entry9a.o(.ARM.Collect$$$$0000000B)
    __rt_final_cpp                           0x080001a9   Thumb Code     0  entry10a.o(.ARM.Collect$$$$0000000D)
    __rt_final_exit                          0x080001a9   Thumb Code     0  entry11a.o(.ARM.Collect$$$$0000000F)
    SVC_Handler                              0x080001ad   Thumb Code    28  port.o(.emb_text)
    __asm___6_port_c_39a90d8d__prvStartFirstTask 0x080001cd   Thumb Code    28  port.o(.emb_text)
    __asm___6_port_c_39a90d8d__prvEnableVFP  0x080001ed   Thumb Code    16  port.o(.emb_text)
    PendSV_Handler                           0x08000201   Thumb Code    92  port.o(.emb_text)
    vPortGetIPSR                             0x08000261   Thumb Code     6  port.o(.emb_text)
    Reset_Handler                            0x08000269   Thumb Code     8  startup_stm32f411xe.o(.text)
    NMI_Handler                              0x08000271   Thumb Code     2  startup_stm32f411xe.o(.text)
    MemManage_Handler                        0x08000275   Thumb Code     2  startup_stm32f411xe.o(.text)
    BusFault_Handler                         0x08000277   Thumb Code     2  startup_stm32f411xe.o(.text)
    UsageFault_Handler                       0x08000279   Thumb Code     2  startup_stm32f411xe.o(.text)
    DebugMon_Handler                         0x0800027d   Thumb Code     2  startup_stm32f411xe.o(.text)
    ADC_IRQHandler                           0x08000283   Thumb Code     0  startup_stm32f411xe.o(.text)
    DMA1_Stream0_IRQHandler                  0x08000283   Thumb Code     0  startup_stm32f411xe.o(.text)
    DMA1_Stream1_IRQHandler                  0x08000283   Thumb Code     0  startup_stm32f411xe.o(.text)
    DMA1_Stream2_IRQHandler                  0x08000283   Thumb Code     0  startup_stm32f411xe.o(.text)
    DMA1_Stream3_IRQHandler                  0x08000283   Thumb Code     0  startup_stm32f411xe.o(.text)
    DMA1_Stream4_IRQHandler                  0x08000283   Thumb Code     0  startup_stm32f411xe.o(.text)
    DMA1_Stream5_IRQHandler                  0x08000283   Thumb Code     0  startup_stm32f411xe.o(.text)
    DMA1_Stream6_IRQHandler                  0x08000283   Thumb Code     0  startup_stm32f411xe.o(.text)
    DMA1_Stream7_IRQHandler                  0x08000283   Thumb Code     0  startup_stm32f411xe.o(.text)
    DMA2_Stream1_IRQHandler                  0x08000283   Thumb Code     0  startup_stm32f411xe.o(.text)
    DMA2_Stream2_IRQHandler                  0x08000283   Thumb Code     0  startup_stm32f411xe.o(.text)
    DMA2_Stream3_IRQHandler                  0x08000283   Thumb Code     0  startup_stm32f411xe.o(.text)
    DMA2_Stream4_IRQHandler                  0x08000283   Thumb Code     0  startup_stm32f411xe.o(.text)
    DMA2_Stream5_IRQHandler                  0x08000283   Thumb Code     0  startup_stm32f411xe.o(.text)
    DMA2_Stream6_IRQHandler                  0x08000283   Thumb Code     0  startup_stm32f411xe.o(.text)
    DMA2_Stream7_IRQHandler                  0x08000283   Thumb Code     0  startup_stm32f411xe.o(.text)
    EXTI0_IRQHandler                         0x08000283   Thumb Code     0  startup_stm32f411xe.o(.text)
    EXTI15_10_IRQHandler                     0x08000283   Thumb Code     0  startup_stm32f411xe.o(.text)
    EXTI2_IRQHandler                         0x08000283   Thumb Code     0  startup_stm32f411xe.o(.text)
    EXTI3_IRQHandler                         0x08000283   Thumb Code     0  startup_stm32f411xe.o(.text)
    EXTI4_IRQHandler                         0x08000283   Thumb Code     0  startup_stm32f411xe.o(.text)
    EXTI9_5_IRQHandler                       0x08000283   Thumb Code     0  startup_stm32f411xe.o(.text)
    FLASH_IRQHandler                         0x08000283   Thumb Code     0  startup_stm32f411xe.o(.text)
    FPU_IRQHandler                           0x08000283   Thumb Code     0  startup_stm32f411xe.o(.text)
    I2C1_ER_IRQHandler                       0x08000283   Thumb Code     0  startup_stm32f411xe.o(.text)
    I2C1_EV_IRQHandler                       0x08000283   Thumb Code     0  startup_stm32f411xe.o(.text)
    I2C2_ER_IRQHandler                       0x08000283   Thumb Code     0  startup_stm32f411xe.o(.text)
    I2C2_EV_IRQHandler                       0x08000283   Thumb Code     0  startup_stm32f411xe.o(.text)
    I2C3_ER_IRQHandler                       0x08000283   Thumb Code     0  startup_stm32f411xe.o(.text)
    I2C3_EV_IRQHandler                       0x08000283   Thumb Code     0  startup_stm32f411xe.o(.text)
    OTG_FS_IRQHandler                        0x08000283   Thumb Code     0  startup_stm32f411xe.o(.text)
    OTG_FS_WKUP_IRQHandler                   0x08000283   Thumb Code     0  startup_stm32f411xe.o(.text)
    PVD_IRQHandler                           0x08000283   Thumb Code     0  startup_stm32f411xe.o(.text)
    RCC_IRQHandler                           0x08000283   Thumb Code     0  startup_stm32f411xe.o(.text)
    RTC_Alarm_IRQHandler                     0x08000283   Thumb Code     0  startup_stm32f411xe.o(.text)
    RTC_WKUP_IRQHandler                      0x08000283   Thumb Code     0  startup_stm32f411xe.o(.text)
    SDIO_IRQHandler                          0x08000283   Thumb Code     0  startup_stm32f411xe.o(.text)
    SPI1_IRQHandler                          0x08000283   Thumb Code     0  startup_stm32f411xe.o(.text)
    SPI2_IRQHandler                          0x08000283   Thumb Code     0  startup_stm32f411xe.o(.text)
    SPI3_IRQHandler                          0x08000283   Thumb Code     0  startup_stm32f411xe.o(.text)
    SPI4_IRQHandler                          0x08000283   Thumb Code     0  startup_stm32f411xe.o(.text)
    SPI5_IRQHandler                          0x08000283   Thumb Code     0  startup_stm32f411xe.o(.text)
    TAMP_STAMP_IRQHandler                    0x08000283   Thumb Code     0  startup_stm32f411xe.o(.text)
    TIM1_BRK_TIM9_IRQHandler                 0x08000283   Thumb Code     0  startup_stm32f411xe.o(.text)
    TIM1_CC_IRQHandler                       0x08000283   Thumb Code     0  startup_stm32f411xe.o(.text)
    TIM1_TRG_COM_TIM11_IRQHandler            0x08000283   Thumb Code     0  startup_stm32f411xe.o(.text)
    TIM1_UP_TIM10_IRQHandler                 0x08000283   Thumb Code     0  startup_stm32f411xe.o(.text)
    TIM2_IRQHandler                          0x08000283   Thumb Code     0  startup_stm32f411xe.o(.text)
    TIM3_IRQHandler                          0x08000283   Thumb Code     0  startup_stm32f411xe.o(.text)
    TIM4_IRQHandler                          0x08000283   Thumb Code     0  startup_stm32f411xe.o(.text)
    TIM5_IRQHandler                          0x08000283   Thumb Code     0  startup_stm32f411xe.o(.text)
    USART2_IRQHandler                        0x08000283   Thumb Code     0  startup_stm32f411xe.o(.text)
    USART6_IRQHandler                        0x08000283   Thumb Code     0  startup_stm32f411xe.o(.text)
    WWDG_IRQHandler                          0x08000283   Thumb Code     0  startup_stm32f411xe.o(.text)
    __aeabi_memset                           0x0800028d   Thumb Code    14  memseta.o(.text)
    __aeabi_memset4                          0x0800028d   Thumb Code     0  memseta.o(.text)
    __aeabi_memset8                          0x0800028d   Thumb Code     0  memseta.o(.text)
    __aeabi_memclr                           0x0800029b   Thumb Code     4  memseta.o(.text)
    __aeabi_memclr4                          0x0800029b   Thumb Code     0  memseta.o(.text)
    __aeabi_memclr8                          0x0800029b   Thumb Code     0  memseta.o(.text)
    _memset$wrapper                          0x0800029f   Thumb Code    18  memseta.o(.text)
    __aeabi_dadd                             0x080002b1   Thumb Code   322  dadd.o(.text)
    __aeabi_dsub                             0x080003f3   Thumb Code     6  dadd.o(.text)
    __aeabi_drsub                            0x080003f9   Thumb Code     6  dadd.o(.text)
    __aeabi_dmul                             0x080003ff   Thumb Code   228  dmul.o(.text)
    __aeabi_ddiv                             0x080004e3   Thumb Code   222  ddiv.o(.text)
    __aeabi_i2d                              0x080005c1   Thumb Code    34  dflti.o(.text)
    __aeabi_f2d                              0x080005e3   Thumb Code    38  f2d.o(.text)
    __aeabi_d2f                              0x08000609   Thumb Code    56  d2f.o(.text)
    __aeabi_llsl                             0x08000641   Thumb Code    30  llshl.o(.text)
    _ll_shift_l                              0x08000641   Thumb Code     0  llshl.o(.text)
    __aeabi_llsr                             0x0800065f   Thumb Code    32  llushr.o(.text)
    _ll_ushift_r                             0x0800065f   Thumb Code     0  llushr.o(.text)
    __aeabi_lasr                             0x0800067f   Thumb Code    36  llsshr.o(.text)
    _ll_sshift_r                             0x0800067f   Thumb Code     0  llsshr.o(.text)
    __I$use$fp                               0x080006a3   Thumb Code     0  iusefp.o(.text)
    _float_round                             0x080006a3   Thumb Code    18  fepilogue.o(.text)
    _float_epilogue                          0x080006b5   Thumb Code    92  fepilogue.o(.text)
    _double_round                            0x08000711   Thumb Code    30  depilogue.o(.text)
    _double_epilogue                         0x0800072f   Thumb Code   156  depilogue.o(.text)
    _dsqrt                                   0x080007cb   Thumb Code   162  dsqrt.o(.text)
    __scatterload                            0x0800086d   Thumb Code    28  init.o(.text)
    __scatterload_rt2                        0x0800086d   Thumb Code     0  init.o(.text)
    __decompress                             0x08000891   Thumb Code     0  __dczerorl2.o(.text)
    __decompress1                            0x08000891   Thumb Code    86  __dczerorl2.o(.text)
    ADC_Callback1                            0x080008e9   Thumb Code    76  adc.o(i.ADC_Callback1)
    ADC_Callback2                            0x08000941   Thumb Code    96  adc.o(i.ADC_Callback2)
    BMP280_Init                              0x08000b41   Thumb Code    28  bmp280_support.o(i.BMP280_Init)
    BMP280_SPI_bus_read                      0x08000b9d   Thumb Code    10  bmp280_support.o(i.BMP280_SPI_bus_read)
    BMP280_SPI_bus_write                     0x08000ba7   Thumb Code    10  bmp280_support.o(i.BMP280_SPI_bus_write)
    BMP280_WriteRegs                         0x08000bb1   Thumb Code    46  bmp280_support.o(i.BMP280_WriteRegs)
    BMP280_delay_msek                        0x08000be9   Thumb Code     4  bmp280_support.o(i.BMP280_delay_msek)
    Control                                  0x08000bed   Thumb Code   232  control.o(i.Control)
    ControlInit                              0x08000ce5   Thumb Code   342  control.o(i.ControlInit)
    CtrlAttiAng                              0x08000e65   Thumb Code    72  control.o(i.CtrlAttiAng)
    CtrlAttiRate                             0x08000ec1   Thumb Code   102  control.o(i.CtrlAttiRate)
    DMA2_Stream0_IRQHandler                  0x08000f41   Thumb Code     6  stm32f4xx_it.o(i.DMA2_Stream0_IRQHandler)
    EXTI1_IRQHandler                         0x08000fb9   Thumb Code     6  stm32f4xx_it.o(i.EXTI1_IRQHandler)
    HAL_ADC_ConfigChannel                    0x08000fc1   Thumb Code   364  stm32f4xx_hal_adc.o(i.HAL_ADC_ConfigChannel)
    HAL_ADC_ConvCpltCallback                 0x0800113d   Thumb Code     2  stm32f4xx_hal_adc.o(i.HAL_ADC_ConvCpltCallback)
    HAL_ADC_ConvHalfCpltCallback             0x0800113f   Thumb Code     2  stm32f4xx_hal_adc.o(i.HAL_ADC_ConvHalfCpltCallback)
    HAL_ADC_ErrorCallback                    0x08001141   Thumb Code     2  stm32f4xx_hal_adc.o(i.HAL_ADC_ErrorCallback)
    HAL_ADC_Init                             0x08001143   Thumb Code    60  stm32f4xx_hal_adc.o(i.HAL_ADC_Init)
    HAL_ADC_MspInit                          0x08001181   Thumb Code   120  adc.o(i.HAL_ADC_MspInit)
    HAL_ADC_Start_DMA                        0x0800120d   Thumb Code   166  stm32f4xx_hal_adc.o(i.HAL_ADC_Start_DMA)
    HAL_DMA_IRQHandler                       0x080012c9   Thumb Code   470  stm32f4xx_hal_dma.o(i.HAL_DMA_IRQHandler)
    HAL_DMA_Init                             0x080014a9   Thumb Code   144  stm32f4xx_hal_dma.o(i.HAL_DMA_Init)
    HAL_DMA_Start_IT                         0x0800153d   Thumb Code    82  stm32f4xx_hal_dma.o(i.HAL_DMA_Start_IT)
    HAL_GPIO_EXTI_Callback                   0x0800158f   Thumb Code     2  stm32f4xx_hal_gpio.o(i.HAL_GPIO_EXTI_Callback)
    HAL_GPIO_EXTI_IRQHandler                 0x08001591   Thumb Code    18  stm32f4xx_hal_gpio.o(i.HAL_GPIO_EXTI_IRQHandler)
    HAL_GPIO_Init                            0x080015a9   Thumb Code   454  stm32f4xx_hal_gpio.o(i.HAL_GPIO_Init)
    HAL_GPIO_TogglePin                       0x08001781   Thumb Code     8  stm32f4xx_hal_gpio.o(i.HAL_GPIO_TogglePin)
    HAL_GPIO_WritePin                        0x08001789   Thumb Code    14  stm32f4xx_hal_gpio.o(i.HAL_GPIO_WritePin)
    HAL_GetTick                              0x08001799   Thumb Code     6  stm32f4xx_hal.o(i.HAL_GetTick)
    HAL_IncTick                              0x080017a5   Thumb Code    10  stm32f4xx_hal.o(i.HAL_IncTick)
    HAL_Init                                 0x080017b5   Thumb Code    48  stm32f4xx_hal.o(i.HAL_Init)
    HAL_InitTick                             0x080017e9   Thumb Code    34  stm32f4xx_hal.o(i.HAL_InitTick)
    HAL_MspInit                              0x0800180b   Thumb Code    22  stm32f4xx_hal_msp.o(i.HAL_MspInit)
    HAL_NVIC_EnableIRQ                       0x08001821   Thumb Code    24  stm32f4xx_hal_cortex.o(i.HAL_NVIC_EnableIRQ)
    HAL_NVIC_SetPriority                     0x08001839   Thumb Code    98  stm32f4xx_hal_cortex.o(i.HAL_NVIC_SetPriority)
    HAL_NVIC_SetPriorityGrouping             0x080018a1   Thumb Code    30  stm32f4xx_hal_cortex.o(i.HAL_NVIC_SetPriorityGrouping)
    HAL_RCC_ClockConfig                      0x080018c5   Thumb Code   628  stm32f4xx_hal_rcc.o(i.HAL_RCC_ClockConfig)
    HAL_RCC_GetHCLKFreq                      0x08001b45   Thumb Code    38  stm32f4xx_hal_rcc.o(i.HAL_RCC_GetHCLKFreq)
    HAL_RCC_GetPCLK1Freq                     0x08001b79   Thumb Code    36  stm32f4xx_hal_rcc.o(i.HAL_RCC_GetPCLK1Freq)
    HAL_RCC_GetPCLK2Freq                     0x08001ba5   Thumb Code    36  stm32f4xx_hal_rcc.o(i.HAL_RCC_GetPCLK2Freq)
    HAL_RCC_GetSysClockFreq                  0x08001bd1   Thumb Code   126  stm32f4xx_hal_rcc.o(i.HAL_RCC_GetSysClockFreq)
    HAL_RCC_OscConfig                        0x08001c5d   Thumb Code  1072  stm32f4xx_hal_rcc.o(i.HAL_RCC_OscConfig)
    HAL_SPI_Init                             0x0800208d   Thumb Code   134  stm32f4xx_hal_spi.o(i.HAL_SPI_Init)
    HAL_SPI_MspInit                          0x08002115   Thumb Code    68  spi.o(i.HAL_SPI_MspInit)
    HAL_SPI_Receive                          0x08002161   Thumb Code   526  stm32f4xx_hal_spi.o(i.HAL_SPI_Receive)
    HAL_SPI_Transmit                         0x0800236f   Thumb Code   408  stm32f4xx_hal_spi.o(i.HAL_SPI_Transmit)
    HAL_SPI_TransmitReceive                  0x08002507   Thumb Code   764  stm32f4xx_hal_spi.o(i.HAL_SPI_TransmitReceive)
    HAL_SYSTICK_CLKSourceConfig              0x08002803   Thumb Code    28  stm32f4xx_hal_cortex.o(i.HAL_SYSTICK_CLKSourceConfig)
    HAL_SYSTICK_Config                       0x08002821   Thumb Code    36  stm32f4xx_hal_cortex.o(i.HAL_SYSTICK_Config)
    HAL_TIMEx_ConfigBreakDeadTime            0x08002849   Thumb Code    92  stm32f4xx_hal_tim_ex.o(i.HAL_TIMEx_ConfigBreakDeadTime)
    HAL_TIMEx_MasterConfigSynchronization    0x080028a5   Thumb Code   102  stm32f4xx_hal_tim_ex.o(i.HAL_TIMEx_MasterConfigSynchronization)
    HAL_TIM_Base_Init                        0x0800290b   Thumb Code    56  stm32f4xx_hal_tim.o(i.HAL_TIM_Base_Init)
    HAL_TIM_Base_MspInit                     0x08002945   Thumb Code   118  tim.o(i.HAL_TIM_Base_MspInit)
    HAL_TIM_ConfigClockSource                0x080029c9   Thumb Code   272  stm32f4xx_hal_tim.o(i.HAL_TIM_ConfigClockSource)
    HAL_TIM_PWM_ConfigChannel                0x08002ad9   Thumb Code   220  stm32f4xx_hal_tim.o(i.HAL_TIM_PWM_ConfigChannel)
    HAL_TIM_PWM_Init                         0x08002bb5   Thumb Code    56  stm32f4xx_hal_tim.o(i.HAL_TIM_PWM_Init)
    HAL_TIM_PWM_MspInit                      0x08002bed   Thumb Code    64  tim.o(i.HAL_TIM_PWM_MspInit)
    HAL_TIM_PWM_Start                        0x08002c35   Thumb Code    46  stm32f4xx_hal_tim.o(i.HAL_TIM_PWM_Start)
    HAL_UART_Init                            0x08002c63   Thumb Code    96  stm32f4xx_hal_uart.o(i.HAL_UART_Init)
    HAL_UART_MspInit                         0x08002cc5   Thumb Code    82  usart.o(i.HAL_UART_MspInit)
    HAL_UART_Receive_IT                      0x08002d21   Thumb Code   112  stm32f4xx_hal_uart.o(i.HAL_UART_Receive_IT)
    HAL_UART_RxCpltCallback                  0x08002d91   Thumb Code  1504  afei_bluetooth.o(i.HAL_UART_RxCpltCallback)
    HAL_UART_Transmit                        0x08003381   Thumb Code   228  stm32f4xx_hal_uart.o(i.HAL_UART_Transmit)
    HardFault_Handler                        0x08003465   Thumb Code     2  main.o(i.HardFault_Handler)
    IMUSO3Thread                             0x08003469   Thumb Code   572  quad_math.o(i.IMUSO3Thread)
    LEDPWM                                   0x080036c9   Thumb Code    48  tim.o(i.LEDPWM)
    LPF2pApply_1                             0x080036f9   Thumb Code   120  filter.o(i.LPF2pApply_1)
    LPF2pApply_2                             0x08003775   Thumb Code   120  filter.o(i.LPF2pApply_2)
    LPF2pApply_3                             0x080037f1   Thumb Code   120  filter.o(i.LPF2pApply_3)
    LPF2pApply_4                             0x0800386d   Thumb Code   120  filter.o(i.LPF2pApply_4)
    LPF2pApply_5                             0x080038e9   Thumb Code   120  filter.o(i.LPF2pApply_5)
    LPF2pApply_6                             0x08003965   Thumb Code   120  filter.o(i.LPF2pApply_6)
    MPU9250_Init                             0x080039e1   Thumb Code    66  module_mpu9250.o(i.MPU9250_Init)
    MPU9250_Read                             0x08003a29   Thumb Code   146  module_mpu9250.o(i.MPU9250_Read)
    MX_ADC1_Init                             0x08003b2d   Thumb Code   122  adc.o(i.MX_ADC1_Init)
    MX_DMA_Init                              0x08003bb1   Thumb Code    40  dma.o(i.MX_DMA_Init)
    MX_FREERTOS_Init                         0x08003bdd   Thumb Code   186  freertos.o(i.MX_FREERTOS_Init)
    MX_GPIO_Init                             0x08003ca1   Thumb Code   136  gpio.o(i.MX_GPIO_Init)
    MX_SPI2_Init                             0x08003d39   Thumb Code    48  spi.o(i.MX_SPI2_Init)
    MX_TIM1_Init                             0x08003d71   Thumb Code   148  tim.o(i.MX_TIM1_Init)
    MX_TIM2_Init                             0x08003e0d   Thumb Code   116  tim.o(i.MX_TIM2_Init)
    MX_TIM4_Init                             0x08003e85   Thumb Code    64  tim.o(i.MX_TIM4_Init)
    MX_USART1_UART_Init                      0x08003ecd   Thumb Code    32  usart.o(i.MX_USART1_UART_Init)
    MotorPWM                                 0x08003ef5   Thumb Code    50  tim.o(i.MotorPWM)
    OSStatTask                               0x08004511   Thumb Code     6  freertos.o(i.OSStatTask)
    OS_TaskStat                              0x08004519   Thumb Code   132  cpustate.o(i.OS_TaskStat)
    PID_Calc                                 0x080045b1   Thumb Code   324  pid.o(i.PID_Calc)
    PID_Init                                 0x08004719   Thumb Code     6  pid.o(i.PID_Init)
    PID_SetParam                             0x0800471f   Thumb Code    34  pid.o(i.PID_SetParam)
    ReadIMUSensorHandle                      0x08004741   Thumb Code   222  quad_math.o(i.ReadIMUSensorHandle)
    SPI_routine                              0x08004931   Thumb Code    18  bmp280_support.o(i.SPI_routine)
    Send_Array                               0x08004955   Thumb Code    14  afei_bluetooth.o(i.Send_Array)
    Send_Data                                0x08004969   Thumb Code   180  afei_bluetooth.o(i.Send_Data)
    StartMathTask                            0x08004a25   Thumb Code    48  freertos.o(i.StartMathTask)
    StartObstacleTask                        0x08004a59   Thumb Code   138  freertos.o(i.StartObstacleTask)
    StartupTask                              0x08004b0d   Thumb Code   260  freertos.o(i.StartupTask)
    StateLEDTask                             0x08004c3d   Thumb Code   196  freertos.o(i.StateLEDTask)
    SysTick_Handler                          0x08004d11   Thumb Code    14  stm32f4xx_it.o(i.SysTick_Handler)
    SystemClock_Config                       0x08004d21   Thumb Code   132  main.o(i.SystemClock_Config)
    SystemInit                               0x08004dad   Thumb Code    64  system_stm32f4xx.o(i.SystemInit)
    TIM_Base_SetConfig                       0x08004e05   Thumb Code   126  stm32f4xx_hal_tim.o(i.TIM_Base_SetConfig)
    TIM_CCxChannelCmd                        0x08004e95   Thumb Code    26  stm32f4xx_hal_tim.o(i.TIM_CCxChannelCmd)
    TIM_OC2_SetConfig                        0x08004f33   Thumb Code   102  stm32f4xx_hal_tim.o(i.TIM_OC2_SetConfig)
    USART1_IRQHandler                        0x08005395   Thumb Code    22  stm32f4xx_it.o(i.USART1_IRQHandler)
    UartTask                                 0x080053b1   Thumb Code   172  freertos.o(i.UartTask)
    __ARM_fpclassify                         0x0800546d   Thumb Code    48  fpclassify.o(i.__ARM_fpclassify)
    __ARM_fpclassifyf                        0x0800549d   Thumb Code    38  fpclassifyf.o(i.__ARM_fpclassifyf)
    __hardfp_asinf                           0x080054c5   Thumb Code   258  asinf.o(i.__hardfp_asinf)
    __hardfp_atan                            0x080055f1   Thumb Code   622  atan.o(i.__hardfp_atan)
    __hardfp_atan2                           0x080058c9   Thumb Code   432  atan2.o(i.__hardfp_atan2)
    __hardfp_atan2f                          0x08005ab9   Thumb Code   502  atan2f.o(i.__hardfp_atan2f)
    __hardfp_cosf                            0x08005d09   Thumb Code   280  cosf.o(i.__hardfp_cosf)
    __hardfp_sinf                            0x08005e59   Thumb Code   344  sinf.o(i.__hardfp_sinf)
    __hardfp_sqrt                            0x08005fe9   Thumb Code   122  sqrt.o(i.__hardfp_sqrt)
    __kernel_poly                            0x08006063   Thumb Code   248  poly.o(i.__kernel_poly)
    __mathlib_dbl_infnan                     0x0800615b   Thumb Code    20  dunder.o(i.__mathlib_dbl_infnan)
    __mathlib_dbl_infnan2                    0x0800616f   Thumb Code    20  dunder.o(i.__mathlib_dbl_infnan2)
    __mathlib_dbl_underflow                  0x08006189   Thumb Code    24  dunder.o(i.__mathlib_dbl_underflow)
    __mathlib_flt_infnan                     0x080061a9   Thumb Code     6  funder.o(i.__mathlib_flt_infnan)
    __mathlib_flt_infnan2                    0x080061af   Thumb Code     6  funder.o(i.__mathlib_flt_infnan2)
    __mathlib_flt_invalid                    0x080061b5   Thumb Code    10  funder.o(i.__mathlib_flt_invalid)
    __mathlib_flt_underflow                  0x080061c5   Thumb Code    10  funder.o(i.__mathlib_flt_underflow)
    __mathlib_rredf2                         0x080061d5   Thumb Code   316  rredf.o(i.__mathlib_rredf2)
    __scatterload_copy                       0x08006329   Thumb Code    14  handlers.o(i.__scatterload_copy)
    __scatterload_null                       0x08006337   Thumb Code     2  handlers.o(i.__scatterload_null)
    __scatterload_zeroinit                   0x08006339   Thumb Code    14  handlers.o(i.__scatterload_zeroinit)
    __set_errno                              0x08006349   Thumb Code     6  errno.o(i.__set_errno)
    atan                                     0x08006355   Thumb Code    16  atan.o(i.atan)
    bmp280_compensate_pressure_int32         0x08006365   Thumb Code   174  bmp280.o(i.bmp280_compensate_pressure_int32)
    bmp280_compensate_temperature_int32      0x0800641d   Thumb Code    52  bmp280.o(i.bmp280_compensate_temperature_int32)
    bmp280_data_readout_template             0x08006455   Thumb Code    18  bmp280_support.o(i.bmp280_data_readout_template)
    bmp280_get_calib_param                   0x0800646d   Thumb Code   222  bmp280.o(i.bmp280_get_calib_param)
    bmp280_init                              0x08006551   Thumb Code    46  bmp280.o(i.bmp280_init)
    bmp280_read_pressure_temperature         0x08006585   Thumb Code    62  bmp280.o(i.bmp280_read_pressure_temperature)
    bmp280_read_uncomp_pressure_temperature  0x080065c9   Thumb Code    96  bmp280.o(i.bmp280_read_uncomp_pressure_temperature)
    bmp280_set_power_mode                    0x0800662d   Thumb Code    60  bmp280.o(i.bmp280_set_power_mode)
    bmp280_set_work_mode                     0x0800666d   Thumb Code   152  bmp280.o(i.bmp280_set_work_mode)
    compass_config                           0x08006709   Thumb Code   104  module_mpu9250.o(i.compass_config)
    fabs                                     0x08006771   Thumb Code    24  fabs.o(i.fabs)
    main                                     0x080067f1   Thumb Code    50  main.o(i.main)
    micros                                   0x08006831   Thumb Code    52  quad_math.o(i.micros)
    osDelay                                  0x08006869   Thumb Code    16  cmsis_os.o(i.osDelay)
    osKernelStart                            0x08006879   Thumb Code    10  cmsis_os.o(i.osKernelStart)
    osSystickHandler                         0x08006883   Thumb Code    20  cmsis_os.o(i.osSystickHandler)
    osThreadCreate                           0x08006897   Thumb Code    58  cmsis_os.o(i.osThreadCreate)
    pvPortMalloc                             0x08006bc5   Thumb Code   224  heap_4.o(i.pvPortMalloc)
    pxPortInitialiseStack                    0x08006cad   Thumb Code    34  port.o(i.pxPortInitialiseStack)
    read_compass_data                        0x08006cd5   Thumb Code    42  module_mpu9250.o(i.read_compass_data)
    sqrtf                                    0x08006cff   Thumb Code    62  sqrtf.o(i.sqrtf)
    uxListRemove                             0x08006d3d   Thumb Code    36  list.o(i.uxListRemove)
    vApplicationIdleHook                     0x08006d61   Thumb Code    22  freertos.o(i.vApplicationIdleHook)
    vApplicationMallocFailedHook             0x08006d7d   Thumb Code     2  freertos.o(i.vApplicationMallocFailedHook)
    vApplicationStackOverflowHook            0x08006d7f   Thumb Code     2  freertos.o(i.vApplicationStackOverflowHook)
    vListInitialise                          0x08006d81   Thumb Code    22  list.o(i.vListInitialise)
    vListInitialiseItem                      0x08006d97   Thumb Code     6  list.o(i.vListInitialiseItem)
    vListInsert                              0x08006d9d   Thumb Code    54  list.o(i.vListInsert)
    vListInsertEnd                           0x08006dd3   Thumb Code    24  list.o(i.vListInsertEnd)
    vPortEnterCritical                       0x08006ded   Thumb Code    54  port.o(i.vPortEnterCritical)
    vPortExitCritical                        0x08006e2d   Thumb Code    38  port.o(i.vPortExitCritical)
    vPortFree                                0x08006e59   Thumb Code    88  heap_4.o(i.vPortFree)
    vPortSetupTimerInterrupt                 0x08006eb5   Thumb Code    26  port.o(i.vPortSetupTimerInterrupt)
    vTaskDelay                               0x08006ed5   Thumb Code   102  tasks.o(i.vTaskDelay)
    vTaskDelayUntil                          0x08006f45   Thumb Code   170  tasks.o(i.vTaskDelayUntil)
    vTaskDelete                              0x08006ff9   Thumb Code   152  tasks.o(i.vTaskDelete)
    vTaskResume                              0x080070a1   Thumb Code   118  tasks.o(i.vTaskResume)
    vTaskStartScheduler                      0x08007125   Thumb Code    86  tasks.o(i.vTaskStartScheduler)
    vTaskSuspend                             0x0800718d   Thumb Code   168  tasks.o(i.vTaskSuspend)
    vTaskSuspendAll                          0x08007245   Thumb Code    10  tasks.o(i.vTaskSuspendAll)
    vTaskSwitchContext                       0x08007255   Thumb Code   112  tasks.o(i.vTaskSwitchContext)
    xPortGetFreeHeapSize                     0x080072cd   Thumb Code     6  heap_4.o(i.xPortGetFreeHeapSize)
    xPortStartScheduler                      0x080072d9   Thumb Code   214  port.o(i.xPortStartScheduler)
    xPortSysTickHandler                      0x080073cd   Thumb Code    38  port.o(i.xPortSysTickHandler)
    xTaskGenericCreate                       0x080073f9   Thumb Code   252  tasks.o(i.xTaskGenericCreate)
    xTaskGetSchedulerState                   0x08007501   Thumb Code    24  tasks.o(i.xTaskGetSchedulerState)
    xTaskGetTickCount                        0x0800751d   Thumb Code     6  tasks.o(i.xTaskGetTickCount)
    xTaskIncrementTick                       0x08007529   Thumb Code   202  tasks.o(i.xTaskIncrementTick)
    xTaskResumeAll                           0x080075fd   Thumb Code   188  tasks.o(i.xTaskResumeAll)
    ADC_Distance_error                       0x08007750   Data          10  adc.o(.constdata)
    APBAHBPrescTable                         0x08007788   Data          16  stm32f4xx_hal_rcc.o(.constdata)
    __mathlib_zero                           0x08007830   Data           8  qnan.o(.constdata)
    Region$$Table$$Base                      0x080078a0   Number         0  anon$$obj.o(Region$$Table)
    Region$$Table$$Limit                     0x080078c0   Number         0  anon$$obj.o(Region$$Table)
    ledTaskHandle                            0x20000000   Data           4  freertos.o(.data)
    mathTaskHandle                           0x20000004   Data           4  freertos.o(.data)
    obstacleTaskHandle                       0x20000008   Data           4  freertos.o(.data)
    osStatTaskHandle                         0x2000000c   Data           4  freertos.o(.data)
    uartTaskHandle                           0x20000010   Data           4  freertos.o(.data)
    startupTaskHandle                        0x20000014   Data           4  freertos.o(.data)
    MathTaskCounter                          0x20000018   Data           4  freertos.o(.data)
    OSIdleCtr                                0x2000001c   Data           4  cpustate.o(.data)
    OSIdleCtrMax                             0x20000020   Data           4  cpustate.o(.data)
    OSIdleCtrRun                             0x20000024   Data           4  cpustate.o(.data)
    OSCPUUsage                               0x20000028   Data           4  cpustate.o(.data)
    FreeHeapSpace                            0x2000002c   Data           4  cpustate.o(.data)
    FreeHeapSpaceKB                          0x20000030   Data           4  cpustate.o(.data)
    g_fTempe_offset                          0x20000034   Data           2  module_mpu9250.o(.data)
    BatteryPercentage                        0x20000038   Data           4  adc.o(.data)
    ADC_Sample_times                         0x2000003c   Data           4  adc.o(.data)
    BatteryPercentageTemp                    0x20000040   Data           4  adc.o(.data)
    BatteryVoltage                           0x20000044   Data           4  adc.o(.data)
    ADC_Distance                             0x20000048   Data           8  adc.o(.data)
    p5                                       0x200000ac   Data           4  afei_bluetooth.o(.data)
    i5                                       0x200000b0   Data           4  afei_bluetooth.o(.data)
    d5                                       0x200000b4   Data           4  afei_bluetooth.o(.data)
    p6                                       0x200000b8   Data           4  afei_bluetooth.o(.data)
    i6                                       0x200000bc   Data           4  afei_bluetooth.o(.data)
    d6                                       0x200000c0   Data           4  afei_bluetooth.o(.data)
    p7                                       0x200000c4   Data           4  afei_bluetooth.o(.data)
    i7                                       0x200000c8   Data           4  afei_bluetooth.o(.data)
    d7                                       0x200000cc   Data           4  afei_bluetooth.o(.data)
    a1                                       0x200000d0   Data           4  afei_bluetooth.o(.data)
    a2                                       0x200000d4   Data           4  afei_bluetooth.o(.data)
    a3                                       0x200000d8   Data           4  afei_bluetooth.o(.data)
    a4                                       0x200000dc   Data           4  afei_bluetooth.o(.data)
    a5                                       0x200000e0   Data           4  afei_bluetooth.o(.data)
    a6                                       0x200000e4   Data           4  afei_bluetooth.o(.data)
    a7                                       0x200000e8   Data           4  afei_bluetooth.o(.data)
    a8                                       0x200000ec   Data           4  afei_bluetooth.o(.data)
    a9                                       0x200000f0   Data           4  afei_bluetooth.o(.data)
    a10                                      0x200000f4   Data           4  afei_bluetooth.o(.data)
    a11                                      0x200000f8   Data           4  afei_bluetooth.o(.data)
    a12                                      0x200000fc   Data           4  afei_bluetooth.o(.data)
    m1                                       0x20000100   Data           4  afei_bluetooth.o(.data)
    n1                                       0x20000104   Data           4  afei_bluetooth.o(.data)
    m2                                       0x20000108   Data           4  afei_bluetooth.o(.data)
    n2                                       0x2000010c   Data           4  afei_bluetooth.o(.data)
    m3                                       0x20000110   Data           4  afei_bluetooth.o(.data)
    n3                                       0x20000114   Data           4  afei_bluetooth.o(.data)
    m4                                       0x20000118   Data           4  afei_bluetooth.o(.data)
    n4                                       0x2000011c   Data           4  afei_bluetooth.o(.data)
    m5                                       0x20000120   Data           4  afei_bluetooth.o(.data)
    n5                                       0x20000124   Data           4  afei_bluetooth.o(.data)
    m6                                       0x20000128   Data           4  afei_bluetooth.o(.data)
    n6                                       0x2000012c   Data           4  afei_bluetooth.o(.data)
    m7                                       0x20000130   Data           4  afei_bluetooth.o(.data)
    n7                                       0x20000134   Data           4  afei_bluetooth.o(.data)
    MW1                                      0x20000138   Data           4  afei_bluetooth.o(.data)
    MW2                                      0x2000013c   Data           4  afei_bluetooth.o(.data)
    MW3                                      0x20000140   Data           4  afei_bluetooth.o(.data)
    MW4                                      0x20000144   Data           4  afei_bluetooth.o(.data)
    SA                                       0x20000148   Data           4  afei_bluetooth.o(.data)
    SS                                       0x2000014c   Data           4  afei_bluetooth.o(.data)
    GH                                       0x20000150   Data           4  afei_bluetooth.o(.data)
    AS                                       0x20000154   Data           4  afei_bluetooth.o(.data)
    SS1                                      0x20000158   Data           4  afei_bluetooth.o(.data)
    VS                                       0x2000015c   Data           4  afei_bluetooth.o(.data)
    SEND_BUF                                 0x20000160   Data           9  afei_bluetooth.o(.data)
    rcv_data                                 0x20000169   Data           2  afei_bluetooth.o(.data)
    PitchError                               0x20000230   Data           4  control.o(.data)
    RollError                                0x20000234   Data           4  control.o(.data)
    YawError                                 0x20000238   Data           4  control.o(.data)
    MotorOutput                              0x2000023c   Data           4  control.o(.data)
    MotorBase                                0x20000240   Data           4  control.o(.data)
    PitchSet                                 0x20000244   Data           4  control.o(.data)
    RollSet                                  0x20000248   Data           4  control.o(.data)
    pxCurrentTCB                             0x20000270   Data           4  tasks.o(.data)
    SystemCoreClock                          0x200002ac   Data           4  system_stm32f4xx.o(.data)
    g_Raw_Data                               0x200002b4   Data          20  mpu9250.o(.bss)
    ADC_ConvertedValue                       0x200002c8   Data         320  adc.o(.bss)
    hadc1                                    0x20000408   Data          68  adc.o(.bss)
    hdma_adc1                                0x2000044c   Data          88  adc.o(.bss)
    htim1                                    0x200004a4   Data          60  tim.o(.bss)
    htim2                                    0x200004e0   Data          60  tim.o(.bss)
    htim4                                    0x2000051c   Data          60  tim.o(.bss)
    huart1                                   0x20000558   Data          64  usart.o(.bss)
    hspi2                                    0x20000598   Data          88  spi.o(.bss)
    imu                                      0x200005f0   Data         192  quad_math.o(.bss)
    USART                                    0x200006e0   Data           9  afei_bluetooth.o(.bss)
    bmp280                                   0x200006ec   Data          44  bmp280_support.o(.bss)
    bmp280_output                            0x20000718   Data          24  bmp280_support.o(.bss)
    MotorSpeed                               0x20000730   Data          16  control.o(.bss)
    PidPitchRate                             0x20000740   Data          80  control.o(.bss)
    PidPitchAngle                            0x20000790   Data          80  control.o(.bss)
    PidYawRate                               0x200007e0   Data          80  control.o(.bss)
    PidYawAngle                              0x20000830   Data          80  control.o(.bss)
    PidRollRate                              0x20000880   Data          80  control.o(.bss)
    PidRollAngle                             0x200008d0   Data          80  control.o(.bss)
    PidHeightRate                            0x20000920   Data          80  control.o(.bss)
    PidHeight                                0x20000970   Data          80  control.o(.bss)
    __initial_sp                             0x20004ab0   Data           0  startup_stm32f411xe.o(STACK)



==============================================================================

Memory Map of the image

  Image Entry point : 0x08000199

  Load Region LR_IROM1 (Base: 0x08000000, Size: 0x00007b74, Max: 0x00080000, ABSOLUTE, COMPRESSED[0x000078e4])

    Execution Region ER_IROM1 (Base: 0x08000000, Size: 0x000078c0, Max: 0x00080000, ABSOLUTE)

    Base Addr    Size         Type   Attr      Idx    E Section Name        Object

    0x08000000   0x00000198   Data   RO         2590    RESET               startup_stm32f411xe.o
    0x08000198   0x00000000   Code   RO         5452  * .ARM.Collect$$$$00000000  mc_w.l(entry.o)
    0x08000198   0x00000004   Code   RO         5547    .ARM.Collect$$$$00000001  mc_w.l(entry2.o)
    0x0800019c   0x00000004   Code   RO         5550    .ARM.Collect$$$$00000004  mc_w.l(entry5.o)
    0x080001a0   0x00000000   Code   RO         5552    .ARM.Collect$$$$00000008  mc_w.l(entry7b.o)
    0x080001a0   0x00000000   Code   RO         5554    .ARM.Collect$$$$0000000A  mc_w.l(entry8b.o)
    0x080001a0   0x00000008   Code   RO         5555    .ARM.Collect$$$$0000000B  mc_w.l(entry9a.o)
    0x080001a8   0x00000000   Code   RO         5557    .ARM.Collect$$$$0000000D  mc_w.l(entry10a.o)
    0x080001a8   0x00000000   Code   RO         5559    .ARM.Collect$$$$0000000F  mc_w.l(entry11a.o)
    0x080001a8   0x00000004   Code   RO         5548    .ARM.Collect$$$$00002712  mc_w.l(entry2.o)
    0x080001ac   0x000000ba   Code   RO         1800    .emb_text           port.o
    0x08000266   0x00000002   PAD
    0x08000268   0x00000024   Code   RO         2591    .text               startup_stm32f411xe.o
    0x0800028c   0x00000024   Code   RO         5459    .text               mc_w.l(memseta.o)
    0x080002b0   0x0000014e   Code   RO         5463    .text               mf_w.l(dadd.o)
    0x080003fe   0x000000e4   Code   RO         5465    .text               mf_w.l(dmul.o)
    0x080004e2   0x000000de   Code   RO         5467    .text               mf_w.l(ddiv.o)
    0x080005c0   0x00000022   Code   RO         5469    .text               mf_w.l(dflti.o)
    0x080005e2   0x00000026   Code   RO         5475    .text               mf_w.l(f2d.o)
    0x08000608   0x00000038   Code   RO         5479    .text               mf_w.l(d2f.o)
    0x08000640   0x0000001e   Code   RO         5563    .text               mc_w.l(llshl.o)
    0x0800065e   0x00000020   Code   RO         5565    .text               mc_w.l(llushr.o)
    0x0800067e   0x00000024   Code   RO         5567    .text               mc_w.l(llsshr.o)
    0x080006a2   0x00000000   Code   RO         5576    .text               mc_w.l(iusefp.o)
    0x080006a2   0x0000006e   Code   RO         5577    .text               mf_w.l(fepilogue.o)
    0x08000710   0x000000ba   Code   RO         5579    .text               mf_w.l(depilogue.o)
    0x080007ca   0x000000a2   Code   RO         5583    .text               mf_w.l(dsqrt.o)
    0x0800086c   0x00000024   Code   RO         5589    .text               mc_w.l(init.o)
    0x08000890   0x00000056   Code   RO         5599    .text               mc_w.l(__dczerorl2.o)
    0x080008e6   0x00000002   PAD
    0x080008e8   0x00000058   Code   RO          618    i.ADC_Callback1     adc.o
    0x08000940   0x00000084   Code   RO          619    i.ADC_Callback2     adc.o
    0x080009c4   0x00000020   Code   RO         4226    i.ADC_DMAConvCplt   stm32f4xx_hal_adc.o
    0x080009e4   0x00000018   Code   RO         4227    i.ADC_DMAError      stm32f4xx_hal_adc.o
    0x080009fc   0x0000000a   Code   RO         4228    i.ADC_DMAHalfConvCplt  stm32f4xx_hal_adc.o
    0x08000a06   0x00000002   PAD
    0x08000a08   0x00000138   Code   RO         4229    i.ADC_Init          stm32f4xx_hal_adc.o
    0x08000b40   0x00000020   Code   RO         1222    i.BMP280_Init       bmp280_support.o
    0x08000b60   0x0000003c   Code   RO         1223    i.BMP280_ReadRegs   bmp280_support.o
    0x08000b9c   0x0000000a   Code   RO         1224    i.BMP280_SPI_bus_read  bmp280_support.o
    0x08000ba6   0x0000000a   Code   RO         1225    i.BMP280_SPI_bus_write  bmp280_support.o
    0x08000bb0   0x00000038   Code   RO         1226    i.BMP280_WriteRegs  bmp280_support.o
    0x08000be8   0x00000004   Code   RO         1227    i.BMP280_delay_msek  bmp280_support.o
    0x08000bec   0x000000f8   Code   RO         1438    i.Control           control.o
    0x08000ce4   0x00000180   Code   RO         1439    i.ControlInit       control.o
    0x08000e64   0x0000005c   Code   RO         1440    i.CtrlAttiAng       control.o
    0x08000ec0   0x00000080   Code   RO         1441    i.CtrlAttiRate      control.o
    0x08000f40   0x0000000c   Code   RO          388    i.DMA2_Stream0_IRQHandler  stm32f4xx_it.o
    0x08000f4c   0x00000034   Code   RO         3238    i.DMA_CalcBaseAndBitshift  stm32f4xx_hal_dma.o
    0x08000f80   0x00000038   Code   RO         3239    i.DMA_SetConfig     stm32f4xx_hal_dma.o
    0x08000fb8   0x00000006   Code   RO          389    i.EXTI1_IRQHandler  stm32f4xx_it.o
    0x08000fbe   0x00000002   PAD
    0x08000fc0   0x0000017c   Code   RO         4231    i.HAL_ADC_ConfigChannel  stm32f4xx_hal_adc.o
    0x0800113c   0x00000002   Code   RO         4232    i.HAL_ADC_ConvCpltCallback  stm32f4xx_hal_adc.o
    0x0800113e   0x00000002   Code   RO         4233    i.HAL_ADC_ConvHalfCpltCallback  stm32f4xx_hal_adc.o
    0x08001140   0x00000002   Code   RO         4235    i.HAL_ADC_ErrorCallback  stm32f4xx_hal_adc.o
    0x08001142   0x0000003c   Code   RO         4240    i.HAL_ADC_Init      stm32f4xx_hal_adc.o
    0x0800117e   0x00000002   PAD
    0x08001180   0x0000008c   Code   RO          622    i.HAL_ADC_MspInit   adc.o
    0x0800120c   0x000000bc   Code   RO         4247    i.HAL_ADC_Start_DMA  stm32f4xx_hal_adc.o
    0x080012c8   0x000001e0   Code   RO         3244    i.HAL_DMA_IRQHandler  stm32f4xx_hal_dma.o
    0x080014a8   0x00000094   Code   RO         3245    i.HAL_DMA_Init      stm32f4xx_hal_dma.o
    0x0800153c   0x00000052   Code   RO         3248    i.HAL_DMA_Start_IT  stm32f4xx_hal_dma.o
    0x0800158e   0x00000002   Code   RO         5272    i.HAL_GPIO_EXTI_Callback  stm32f4xx_hal_gpio.o
    0x08001590   0x00000018   Code   RO         5273    i.HAL_GPIO_EXTI_IRQHandler  stm32f4xx_hal_gpio.o
    0x080015a8   0x000001d8   Code   RO         5274    i.HAL_GPIO_Init     stm32f4xx_hal_gpio.o
    0x08001780   0x00000008   Code   RO         5277    i.HAL_GPIO_TogglePin  stm32f4xx_hal_gpio.o
    0x08001788   0x0000000e   Code   RO         5278    i.HAL_GPIO_WritePin  stm32f4xx_hal_gpio.o
    0x08001796   0x00000002   PAD
    0x08001798   0x0000000c   Code   RO         4093    i.HAL_GetTick       stm32f4xx_hal.o
    0x080017a4   0x00000010   Code   RO         4094    i.HAL_IncTick       stm32f4xx_hal.o
    0x080017b4   0x00000034   Code   RO         4095    i.HAL_Init          stm32f4xx_hal.o
    0x080017e8   0x00000022   Code   RO         4096    i.HAL_InitTick      stm32f4xx_hal.o
    0x0800180a   0x00000016   Code   RO          364    i.HAL_MspInit       stm32f4xx_hal_msp.o
    0x08001820   0x00000018   Code   RO         2843    i.HAL_NVIC_EnableIRQ  stm32f4xx_hal_cortex.o
    0x08001838   0x00000068   Code   RO         2849    i.HAL_NVIC_SetPriority  stm32f4xx_hal_cortex.o
    0x080018a0   0x00000024   Code   RO         2850    i.HAL_NVIC_SetPriorityGrouping  stm32f4xx_hal_cortex.o
    0x080018c4   0x00000280   Code   RO         4637    i.HAL_RCC_ClockConfig  stm32f4xx_hal_rcc.o
    0x08001b44   0x00000034   Code   RO         4642    i.HAL_RCC_GetHCLKFreq  stm32f4xx_hal_rcc.o
    0x08001b78   0x0000002c   Code   RO         4644    i.HAL_RCC_GetPCLK1Freq  stm32f4xx_hal_rcc.o
    0x08001ba4   0x0000002c   Code   RO         4645    i.HAL_RCC_GetPCLK2Freq  stm32f4xx_hal_rcc.o
    0x08001bd0   0x0000008c   Code   RO         4646    i.HAL_RCC_GetSysClockFreq  stm32f4xx_hal_rcc.o
    0x08001c5c   0x00000430   Code   RO         4649    i.HAL_RCC_OscConfig  stm32f4xx_hal_rcc.o
    0x0800208c   0x00000086   Code   RO         4854    i.HAL_SPI_Init      stm32f4xx_hal_spi.o
    0x08002112   0x00000002   PAD
    0x08002114   0x0000004c   Code   RO          852    i.HAL_SPI_MspInit   spi.o
    0x08002160   0x0000020e   Code   RO         4857    i.HAL_SPI_Receive   stm32f4xx_hal_spi.o
    0x0800236e   0x00000198   Code   RO         4862    i.HAL_SPI_Transmit  stm32f4xx_hal_spi.o
    0x08002506   0x000002fc   Code   RO         4863    i.HAL_SPI_TransmitReceive  stm32f4xx_hal_spi.o
    0x08002802   0x0000001c   Code   RO         2852    i.HAL_SYSTICK_CLKSourceConfig  stm32f4xx_hal_cortex.o
    0x0800281e   0x00000002   PAD
    0x08002820   0x00000028   Code   RO         2854    i.HAL_SYSTICK_Config  stm32f4xx_hal_cortex.o
    0x08002848   0x0000005c   Code   RO         3001    i.HAL_TIMEx_ConfigBreakDeadTime  stm32f4xx_hal_tim_ex.o
    0x080028a4   0x00000066   Code   RO         3016    i.HAL_TIMEx_MasterConfigSynchronization  stm32f4xx_hal_tim_ex.o
    0x0800290a   0x00000038   Code   RO         3323    i.HAL_TIM_Base_Init  stm32f4xx_hal_tim.o
    0x08002942   0x00000002   PAD
    0x08002944   0x00000084   Code   RO          708    i.HAL_TIM_Base_MspInit  tim.o
    0x080029c8   0x00000110   Code   RO         3332    i.HAL_TIM_ConfigClockSource  stm32f4xx_hal_tim.o
    0x08002ad8   0x000000dc   Code   RO         3389    i.HAL_TIM_PWM_ConfigChannel  stm32f4xx_hal_tim.o
    0x08002bb4   0x00000038   Code   RO         3392    i.HAL_TIM_PWM_Init  stm32f4xx_hal_tim.o
    0x08002bec   0x00000048   Code   RO          710    i.HAL_TIM_PWM_MspInit  tim.o
    0x08002c34   0x0000002e   Code   RO         3396    i.HAL_TIM_PWM_Start  stm32f4xx_hal_tim.o
    0x08002c62   0x00000060   Code   RO         2614    i.HAL_UART_Init     stm32f4xx_hal_uart.o
    0x08002cc2   0x00000002   PAD
    0x08002cc4   0x0000005c   Code   RO          810    i.HAL_UART_MspInit  usart.o
    0x08002d20   0x00000070   Code   RO         2619    i.HAL_UART_Receive_IT  stm32f4xx_hal_uart.o
    0x08002d90   0x000005f0   Code   RO          966    i.HAL_UART_RxCpltCallback  afei_bluetooth.o
    0x08003380   0x000000e4   Code   RO         2622    i.HAL_UART_Transmit  stm32f4xx_hal_uart.o
    0x08003464   0x00000002   Code   RO            4    i.HardFault_Handler  main.o
    0x08003466   0x00000002   PAD
    0x08003468   0x00000260   Code   RO          893    i.IMUSO3Thread      quad_math.o
    0x080036c8   0x00000030   Code   RO          711    i.LEDPWM            tim.o
    0x080036f8   0x0000007c   Code   RO         1303    i.LPF2pApply_1      filter.o
    0x08003774   0x0000007c   Code   RO         1304    i.LPF2pApply_2      filter.o
    0x080037f0   0x0000007c   Code   RO         1305    i.LPF2pApply_3      filter.o
    0x0800386c   0x0000007c   Code   RO         1306    i.LPF2pApply_4      filter.o
    0x080038e8   0x0000007c   Code   RO         1307    i.LPF2pApply_5      filter.o
    0x08003964   0x0000007c   Code   RO         1308    i.LPF2pApply_6      filter.o
    0x080039e0   0x00000048   Code   RO          507    i.MPU9250_Init      module_mpu9250.o
    0x08003a28   0x0000009c   Code   RO          508    i.MPU9250_Read      module_mpu9250.o
    0x08003ac4   0x0000003c   Code   RO          510    i.MPU9250_ReadRegs  module_mpu9250.o
    0x08003b00   0x0000002c   Code   RO          511    i.MPU9250_WriteReg  module_mpu9250.o
    0x08003b2c   0x00000084   Code   RO          623    i.MX_ADC1_Init      adc.o
    0x08003bb0   0x0000002c   Code   RO          683    i.MX_DMA_Init       dma.o
    0x08003bdc   0x000000c4   Code   RO          217    i.MX_FREERTOS_Init  freertos.o
    0x08003ca0   0x00000098   Code   RO          785    i.MX_GPIO_Init      gpio.o
    0x08003d38   0x00000038   Code   RO          853    i.MX_SPI2_Init      spi.o
    0x08003d70   0x0000009c   Code   RO          712    i.MX_TIM1_Init      tim.o
    0x08003e0c   0x00000078   Code   RO          713    i.MX_TIM2_Init      tim.o
    0x08003e84   0x00000048   Code   RO          714    i.MX_TIM4_Init      tim.o
    0x08003ecc   0x00000028   Code   RO          811    i.MX_USART1_UART_Init  usart.o
    0x08003ef4   0x00000038   Code   RO          715    i.MotorPWM          tim.o
    0x08003f2c   0x000001c8   Code   RO          896    i.NonlinearSO3AHRSinit  quad_math.o
    0x080040f4   0x0000041c   Code   RO          897    i.NonlinearSO3AHRSupdate  quad_math.o
    0x08004510   0x00000006   Code   RO          218    i.OSStatTask        freertos.o
    0x08004516   0x00000002   PAD
    0x08004518   0x00000098   Code   RO          462    i.OS_TaskStat       cpustate.o
    0x080045b0   0x00000168   Code   RO         1399    i.PID_Calc          pid.o
    0x08004718   0x00000006   Code   RO         1400    i.PID_Init          pid.o
    0x0800471e   0x00000022   Code   RO         1401    i.PID_SetParam      pid.o
    0x08004740   0x000000fc   Code   RO          898    i.ReadIMUSensorHandle  quad_math.o
    0x0800483c   0x000000f2   Code   RO         4885    i.SPI_WaitOnFlagUntilTimeout  stm32f4xx_hal_spi.o
    0x0800492e   0x00000002   PAD
    0x08004930   0x00000024   Code   RO         1229    i.SPI_routine       bmp280_support.o
    0x08004954   0x00000014   Code   RO          967    i.Send_Array        afei_bluetooth.o
    0x08004968   0x000000bc   Code   RO          968    i.Send_Data         afei_bluetooth.o
    0x08004a24   0x00000034   Code   RO          219    i.StartMathTask     freertos.o
    0x08004a58   0x000000b4   Code   RO          220    i.StartObstacleTask  freertos.o
    0x08004b0c   0x00000130   Code   RO          221    i.StartupTask       freertos.o
    0x08004c3c   0x000000d4   Code   RO          222    i.StateLEDTask      freertos.o
    0x08004d10   0x0000000e   Code   RO          390    i.SysTick_Handler   stm32f4xx_it.o
    0x08004d1e   0x00000002   PAD
    0x08004d20   0x0000008c   Code   RO            5    i.SystemClock_Config  main.o
    0x08004dac   0x00000058   Code   RO         5338    i.SystemInit        system_stm32f4xx.o
    0x08004e04   0x00000090   Code   RO         3407    i.TIM_Base_SetConfig  stm32f4xx_hal_tim.o
    0x08004e94   0x0000001a   Code   RO         3408    i.TIM_CCxChannelCmd  stm32f4xx_hal_tim.o
    0x08004eae   0x00000016   Code   RO         3414    i.TIM_ETR_SetConfig  stm32f4xx_hal_tim.o
    0x08004ec4   0x00000010   Code   RO         3415    i.TIM_ITRx_SetConfig  stm32f4xx_hal_tim.o
    0x08004ed4   0x0000005e   Code   RO         3416    i.TIM_OC1_SetConfig  stm32f4xx_hal_tim.o
    0x08004f32   0x00000066   Code   RO         3417    i.TIM_OC2_SetConfig  stm32f4xx_hal_tim.o
    0x08004f98   0x00000066   Code   RO         3418    i.TIM_OC3_SetConfig  stm32f4xx_hal_tim.o
    0x08004ffe   0x0000004e   Code   RO         3419    i.TIM_OC4_SetConfig  stm32f4xx_hal_tim.o
    0x0800504c   0x00000026   Code   RO         3421    i.TIM_TI1_ConfigInputStage  stm32f4xx_hal_tim.o
    0x08005072   0x00000024   Code   RO         3423    i.TIM_TI2_ConfigInputStage  stm32f4xx_hal_tim.o
    0x08005096   0x00000002   PAD
    0x08005098   0x00000218   Code   RO         2634    i.UART_SetConfig    stm32f4xx_hal_uart.o
    0x080052b0   0x000000e2   Code   RO         2636    i.UART_WaitOnFlagUntilTimeout  stm32f4xx_hal_uart.o
    0x08005392   0x00000002   PAD
    0x08005394   0x0000001c   Code   RO          391    i.USART1_IRQHandler  stm32f4xx_it.o
    0x080053b0   0x000000bc   Code   RO          223    i.UartTask          freertos.o
    0x0800546c   0x00000030   Code   RO         5585    i.__ARM_fpclassify  m_wm.l(fpclassify.o)
    0x0800549c   0x00000026   Code   RO         5515    i.__ARM_fpclassifyf  m_wm.l(fpclassifyf.o)
    0x080054c2   0x00000002   PAD
    0x080054c4   0x0000012c   Code   RO         5368    i.__hardfp_asinf    m_wm.l(asinf.o)
    0x080055f0   0x000002d8   Code   RO         5481    i.__hardfp_atan     m_wm.l(atan.o)
    0x080058c8   0x000001f0   Code   RO         5380    i.__hardfp_atan2    m_wm.l(atan2.o)
    0x08005ab8   0x00000250   Code   RO         5392    i.__hardfp_atan2f   m_wm.l(atan2f.o)
    0x08005d08   0x00000150   Code   RO         5404    i.__hardfp_cosf     m_wm.l(cosf.o)
    0x08005e58   0x00000190   Code   RO         5416    i.__hardfp_sinf     m_wm.l(sinf.o)
    0x08005fe8   0x0000007a   Code   RO         5428    i.__hardfp_sqrt     m_wm.l(sqrt.o)
    0x08006062   0x000000f8   Code   RO         5587    i.__kernel_poly     m_wm.l(poly.o)
    0x0800615a   0x00000014   Code   RO         5496    i.__mathlib_dbl_infnan  m_wm.l(dunder.o)
    0x0800616e   0x00000014   Code   RO         5497    i.__mathlib_dbl_infnan2  m_wm.l(dunder.o)
    0x08006182   0x00000006   PAD
    0x08006188   0x00000020   Code   RO         5501    i.__mathlib_dbl_underflow  m_wm.l(dunder.o)
    0x080061a8   0x00000006   Code   RO         5518    i.__mathlib_flt_infnan  m_wm.l(funder.o)
    0x080061ae   0x00000006   Code   RO         5519    i.__mathlib_flt_infnan2  m_wm.l(funder.o)
    0x080061b4   0x00000010   Code   RO         5520    i.__mathlib_flt_invalid  m_wm.l(funder.o)
    0x080061c4   0x00000010   Code   RO         5523    i.__mathlib_flt_underflow  m_wm.l(funder.o)
    0x080061d4   0x00000154   Code   RO         5532    i.__mathlib_rredf2  m_wm.l(rredf.o)
    0x08006328   0x0000000e   Code   RO         5593    i.__scatterload_copy  mc_w.l(handlers.o)
    0x08006336   0x00000002   Code   RO         5594    i.__scatterload_null  mc_w.l(handlers.o)
    0x08006338   0x0000000e   Code   RO         5595    i.__scatterload_zeroinit  mc_w.l(handlers.o)
    0x08006346   0x00000002   PAD
    0x08006348   0x0000000c   Code   RO         5571    i.__set_errno       mc_w.l(errno.o)
    0x08006354   0x00000010   Code   RO         5483    i.atan              m_wm.l(atan.o)
    0x08006364   0x000000b8   Code   RO         1035    i.bmp280_compensate_pressure_int32  bmp280.o
    0x0800641c   0x00000038   Code   RO         1038    i.bmp280_compensate_temperature_int32  bmp280.o
    0x08006454   0x00000018   Code   RO         1230    i.bmp280_data_readout_template  bmp280_support.o
    0x0800646c   0x000000e4   Code   RO         1040    i.bmp280_get_calib_param  bmp280.o
    0x08006550   0x00000034   Code   RO         1048    i.bmp280_init       bmp280.o
    0x08006584   0x00000044   Code   RO         1049    i.bmp280_read_pressure_temperature  bmp280.o
    0x080065c8   0x00000064   Code   RO         1052    i.bmp280_read_uncomp_pressure_temperature  bmp280.o
    0x0800662c   0x00000040   Code   RO         1057    i.bmp280_set_power_mode  bmp280.o
    0x0800666c   0x0000009c   Code   RO         1061    i.bmp280_set_work_mode  bmp280.o
    0x08006708   0x00000068   Code   RO          517    i.compass_config    module_mpu9250.o
    0x08006770   0x00000018   Code   RO         5511    i.fabs              m_wm.l(fabs.o)
    0x08006788   0x00000068   Code   RO          899    i.invSqrt           quad_math.o
    0x080067f0   0x00000032   Code   RO            6    i.main              main.o
    0x08006822   0x0000000c   Code   RO         1867    i.makeFreeRtosPriority  cmsis_os.o
    0x0800682e   0x00000002   PAD
    0x08006830   0x00000038   Code   RO          900    i.micros            quad_math.o
    0x08006868   0x00000010   Code   RO         1868    i.osDelay           cmsis_os.o
    0x08006878   0x0000000a   Code   RO         1871    i.osKernelStart     cmsis_os.o
    0x08006882   0x00000014   Code   RO         1900    i.osSystickHandler  cmsis_os.o
    0x08006896   0x0000003a   Code   RO         1901    i.osThreadCreate    cmsis_os.o
    0x080068d0   0x00000038   Code   RO         2272    i.prvAddCurrentTaskToDelayedList  tasks.o
    0x08006908   0x0000003e   Code   RO         2273    i.prvAllocateTCBAndStack  tasks.o
    0x08006946   0x00000002   PAD
    0x08006948   0x00000058   Code   RO         2274    i.prvCheckTasksWaitingTermination  tasks.o
    0x080069a0   0x00000014   Code   RO         2275    i.prvDeleteTCB      tasks.o
    0x080069b4   0x00000050   Code   RO         2213    i.prvHeapInit       heap_4.o
    0x08006a04   0x0000002c   Code   RO         2276    i.prvIdleTask       tasks.o
    0x08006a30   0x0000004c   Code   RO         2277    i.prvInitialiseTCBVariables  tasks.o
    0x08006a7c   0x00000060   Code   RO         2278    i.prvInitialiseTaskLists  tasks.o
    0x08006adc   0x0000005c   Code   RO         2214    i.prvInsertBlockIntoFreeList  heap_4.o
    0x08006b38   0x00000024   Code   RO         2280    i.prvResetNextTaskUnblockTime  tasks.o
    0x08006b5c   0x00000030   Code   RO         1801    i.prvTaskExitError  port.o
    0x08006b8c   0x00000038   Code   RO         2282    i.prvTaskIsTaskSuspended  tasks.o
    0x08006bc4   0x000000e8   Code   RO         2215    i.pvPortMalloc      heap_4.o
    0x08006cac   0x00000028   Code   RO         1802    i.pxPortInitialiseStack  port.o
    0x08006cd4   0x0000002a   Code   RO          519    i.read_compass_data  module_mpu9250.o
    0x08006cfe   0x0000003e   Code   RO         5537    i.sqrtf             m_wm.l(sqrtf.o)
    0x08006d3c   0x00000024   Code   RO         1580    i.uxListRemove      list.o
    0x08006d60   0x0000001c   Code   RO          224    i.vApplicationIdleHook  freertos.o
    0x08006d7c   0x00000002   Code   RO          225    i.vApplicationMallocFailedHook  freertos.o
    0x08006d7e   0x00000002   Code   RO          226    i.vApplicationStackOverflowHook  freertos.o
    0x08006d80   0x00000016   Code   RO         1581    i.vListInitialise   list.o
    0x08006d96   0x00000006   Code   RO         1582    i.vListInitialiseItem  list.o
    0x08006d9c   0x00000036   Code   RO         1583    i.vListInsert       list.o
    0x08006dd2   0x00000018   Code   RO         1584    i.vListInsertEnd    list.o
    0x08006dea   0x00000002   PAD
    0x08006dec   0x00000040   Code   RO         1804    i.vPortEnterCritical  port.o
    0x08006e2c   0x0000002c   Code   RO         1805    i.vPortExitCritical  port.o
    0x08006e58   0x0000005c   Code   RO         2216    i.vPortFree         heap_4.o
    0x08006eb4   0x00000020   Code   RO         1806    i.vPortSetupTimerInterrupt  port.o
    0x08006ed4   0x00000070   Code   RO         2291    i.vTaskDelay        tasks.o
    0x08006f44   0x000000b4   Code   RO         2292    i.vTaskDelayUntil   tasks.o
    0x08006ff8   0x000000a8   Code   RO         2293    i.vTaskDelete       tasks.o
    0x080070a0   0x00000084   Code   RO         2301    i.vTaskResume       tasks.o
    0x08007124   0x00000068   Code   RO         2304    i.vTaskStartScheduler  tasks.o
    0x0800718c   0x000000b8   Code   RO         2305    i.vTaskSuspend      tasks.o
    0x08007244   0x00000010   Code   RO         2306    i.vTaskSuspendAll   tasks.o
    0x08007254   0x00000078   Code   RO         2307    i.vTaskSwitchContext  tasks.o
    0x080072cc   0x0000000c   Code   RO         2218    i.xPortGetFreeHeapSize  heap_4.o
    0x080072d8   0x000000f4   Code   RO         1808    i.xPortStartScheduler  port.o
    0x080073cc   0x0000002c   Code   RO         1809    i.xPortSysTickHandler  port.o
    0x080073f8   0x00000108   Code   RO         2309    i.xTaskGenericCreate  tasks.o
    0x08007500   0x0000001c   Code   RO         2312    i.xTaskGetSchedulerState  tasks.o
    0x0800751c   0x0000000c   Code   RO         2313    i.xTaskGetTickCount  tasks.o
    0x08007528   0x000000d4   Code   RO         2315    i.xTaskIncrementTick  tasks.o
    0x080075fc   0x000000c8   Code   RO         2321    i.xTaskResumeAll    tasks.o
    0x080076c4   0x00000078   Data   RO          227    .constdata          freertos.o
    0x0800773c   0x00000014   Data   RO          520    .constdata          module_mpu9250.o
    0x08007750   0x0000000a   Data   RO          625    .constdata          adc.o
    0x0800775a   0x00000002   PAD
    0x0800775c   0x00000024   Data   RO          902    .constdata          quad_math.o
    0x08007780   0x00000008   Data   RO         3249    .constdata          stm32f4xx_hal_dma.o
    0x08007788   0x00000010   Data   RO         4650    .constdata          stm32f4xx_hal_rcc.o
    0x08007798   0x00000098   Data   RO         5484    .constdata          m_wm.l(atan.o)
    0x08007830   0x00000008   Data   RO         5531    .constdata          m_wm.l(qnan.o)
    0x08007838   0x00000020   Data   RO         5533    .constdata          m_wm.l(rredf.o)
    0x08007858   0x00000045   Data   RO          228    .conststring        freertos.o
    0x0800789d   0x00000003   PAD
    0x080078a0   0x00000020   Data   RO         5591    Region$$Table       anon$$obj.o


    Execution Region RW_IRAM1 (Base: 0x20000000, Size: 0x00004ab0, Max: 0x00020000, ABSOLUTE, COMPRESSED[0x00000024])

    Base Addr    Size         Type   Attr      Idx    E Section Name        Object

    0x20000000   0x0000001c   Data   RW          229    .data               freertos.o
    0x2000001c   0x00000018   Data   RW          464    .data               cpustate.o
    0x20000034   0x00000002   Data   RW          522    .data               module_mpu9250.o
    0x20000036   0x00000002   PAD
    0x20000038   0x00000018   Data   RW          626    .data               adc.o
    0x20000050   0x00000058   Data   RW          904    .data               quad_math.o
    0x200000a8   0x000000c1   Data   RW          970    .data               afei_bluetooth.o
    0x20000169   0x00000002   Data   RW          973    .data               afei_bluetooth.o
    0x2000016b   0x00000001   PAD
    0x2000016c   0x00000004   Data   RW         1063    .data               bmp280.o
    0x20000170   0x000000c0   Data   RW         1315    .data               filter.o
    0x20000230   0x00000004   Data   RW         1443    .data               control.o
    0x20000234   0x00000004   Data   RW         1444    .data               control.o
    0x20000238   0x00000004   Data   RW         1445    .data               control.o
    0x2000023c   0x00000010   Data   RW         1446    .data               control.o
    0x2000024c   0x0000000c   Data   RW         1810    .data               port.o
    0x20000258   0x00000018   Data   RW         2221    .data               heap_4.o
    0x20000270   0x00000038   Data   RW         2324    .data               tasks.o
    0x200002a8   0x00000004   Data   RW         4101    .data               stm32f4xx_hal.o
    0x200002ac   0x00000004   Data   RW         5340    .data               system_stm32f4xx.o
    0x200002b0   0x00000004   Data   RW         5572    .data               mc_w.l(errno.o)
    0x200002b4   0x00000014   Zero   RW          434    .bss                mpu9250.o
    0x200002c8   0x000001dc   Zero   RW          624    .bss                adc.o
    0x200004a4   0x000000b4   Zero   RW          716    .bss                tim.o
    0x20000558   0x00000040   Zero   RW          812    .bss                usart.o
    0x20000598   0x00000058   Zero   RW          854    .bss                spi.o
    0x200005f0   0x000000f0   Zero   RW          901    .bss                quad_math.o
    0x200006e0   0x00000009   Zero   RW          969    .bss                afei_bluetooth.o
    0x200006e9   0x00000003   PAD
    0x200006ec   0x00000044   Zero   RW         1231    .bss                bmp280_support.o
    0x20000730   0x00000290   Zero   RW         1442    .bss                control.o
    0x200009c0   0x00003c00   Zero   RW         2220    .bss                heap_4.o
    0x200045c0   0x000000f0   Zero   RW         2323    .bss                tasks.o
    0x200046b0   0x00000400   Zero   RW         2588    STACK               startup_stm32f411xe.o


==============================================================================

Image component sizes


      Code (inc. data)   RO Data    RW Data    ZI Data      Debug   Object Name

       492         78         10         24        476       5002   adc.o
      1728        172          0        195          9      31173   afei_bluetooth.o
       908         50          0          4          0      17576   bmp280.o
       232         48          0          0         68       5426   bmp280_support.o
       116          0          0          0          0      13610   cmsis_os.o
       852        104          0         28        656       3705   control.o
       152         20          0         24          0       1069   cpustate.o
        44          4          0          0          0        834   dma.o
         0          0          0          0          0       9532   event_groups.o
       744         24          0        192          0      11217   filter.o
      1170        148        189         28          0      12438   freertos.o
       152         16          0          0          0       1003   gpio.o
       508         36          0         24      15360       8334   heap_4.o
       142          0          0          0          0       3866   list.o
       192          8          0          0          0     273780   main.o
       478         32         20          2          0       4549   module_mpu9250.o
         0          0          0          0         20       6321   mpu9250.o
       400         36          0          0          0       2853   pid.o
       702         86          0         12          0       8912   port.o
      2528         92         36         88        240      10783   quad_math.o
       132         16          0          0         88       1717   spi.o
        36          8        408          0       1024        964   startup_stm32f411xe.o
       114         16          0          4          0       3834   stm32f4xx_hal.o
      1012         42          0          0          0       7585   stm32f4xx_hal_adc.o
       232         16          0          0          0      30569   stm32f4xx_hal_cortex.o
       818         22          8          0          0       4919   stm32f4xx_hal_dma.o
       520         24          0          0          0       4665   stm32f4xx_hal_gpio.o
        22          0          0          0          0        542   stm32f4xx_hal_msp.o
      1992         96         16          0          0       7631   stm32f4xx_hal_rcc.o
      2074          0          0          0          0       7222   stm32f4xx_hal_spi.o
      1308         18          0          0          0      12424   stm32f4xx_hal_tim.o
       194          0          0          0          0       2220   stm32f4xx_hal_tim_ex.o
      1198         12          0          0          0       5234   stm32f4xx_hal_uart.o
        60         12          0          0          0       2075   stm32f4xx_it.o
        88         24          0          4          0       1465   system_stm32f4xx.o
      2266        210          0         56        240      22810   tasks.o
       656         48          0          0        180       5306   tim.o
       132         18          0          0         64       1742   usart.o

    ----------------------------------------------------------------------
     24430       1536        724        688      18428     554907   Object Totals
         0          0         32          0          0          0   (incl. Generated)
        36          0          5          3          3          0   (incl. Padding)

    ----------------------------------------------------------------------

      Code (inc. data)   RO Data    RW Data    ZI Data      Debug   Library Member Name

       300         42          0          0          0        176   asinf.o
       744        106        152          0          0        352   atan.o
       496         64          0          0          0        192   atan2.o
       592         90          0          0          0        184   atan2f.o
       336         56          0          0          0        136   cosf.o
        72          8          0          0          0        372   dunder.o
        24          0          0          0          0        124   fabs.o
        48          0          0          0          0        124   fpclassify.o
        38          0          0          0          0        116   fpclassifyf.o
        44         12          0          0          0        464   funder.o
       248          0          0          0          0        152   poly.o
         0          0          8          0          0          0   qnan.o
       340         24         32          0          0        160   rredf.o
       400         56          0          0          0        212   sinf.o
       122          0          0          0          0        148   sqrt.o
        62          0          0          0          0        136   sqrtf.o
        86          0          0          0          0          0   __dczerorl2.o
         0          0          0          0          0          0   entry.o
         0          0          0          0          0          0   entry10a.o
         0          0          0          0          0          0   entry11a.o
         8          4          0          0          0          0   entry2.o
         4          0          0          0          0          0   entry5.o
         0          0          0          0          0          0   entry7b.o
         0          0          0          0          0          0   entry8b.o
         8          4          0          0          0          0   entry9a.o
        12          6          0          4          0         68   errno.o
        30          0          0          0          0          0   handlers.o
        36          8          0          0          0         68   init.o
         0          0          0          0          0          0   iusefp.o
        30          0          0          0          0         68   llshl.o
        36          0          0          0          0         68   llsshr.o
        32          0          0          0          0         68   llushr.o
        36          0          0          0          0        108   memseta.o
        56          0          0          0          0         88   d2f.o
       334          0          0          0          0        148   dadd.o
       222          0          0          0          0        100   ddiv.o
       186          0          0          0          0        176   depilogue.o
        34          0          0          0          0         76   dflti.o
       228          0          0          0          0         96   dmul.o
       162          0          0          0          0        100   dsqrt.o
        38          0          0          0          0         68   f2d.o
       110          0          0          0          0        168   fepilogue.o

    ----------------------------------------------------------------------
      5566        480        192          4          0       4516   Library Totals
        12          0          0          0          0          0   (incl. Padding)

    ----------------------------------------------------------------------

      Code (inc. data)   RO Data    RW Data    ZI Data      Debug   Library Name

      3866        458        192          0          0       3048   m_wm.l
       318         22          0          4          0        448   mc_w.l
      1370          0          0          0          0       1020   mf_w.l

    ----------------------------------------------------------------------
      5566        480        192          4          0       4516   Library Totals

    ----------------------------------------------------------------------

==============================================================================


      Code (inc. data)   RO Data    RW Data    ZI Data      Debug   

     29996       2016        916        692      18428     539183   Grand Totals
     29996       2016        916         36      18428     539183   ELF Image Totals (compressed)
     29996       2016        916         36          0          0   ROM Totals

==============================================================================

    Total RO  Size (Code + RO Data)                30912 (  30.19kB)
    Total RW  Size (RW Data + ZI Data)             19120 (  18.67kB)
    Total ROM Size (Code + RO Data + RW Data)      30948 (  30.22kB)

==============================================================================

