<html>
<body>
<pre>
<h1>µVision Build Log</h1>
<h2>Tool Versions:</h2>
IDE-Version: ¦ÌVision V5.17.0.0
Copyright (C) 2015 ARM Ltd and ARM Germany GmbH. All rights reserved.
License Information: Tracy Wang, HP, LIC=RC9VE-50RA6-11ZPY-I5TNN-JVCYH-PW18D
 
Tool Versions:
Toolchain:       MDK-ARM Standard  Version: 5.17
Toolchain Path:  B:\Keil_v5\ARM\ARMCC\Bin
C Compiler:      Armcc.exe V5.06 update 1 (build 61)
Assembler:       Armasm.exe V5.06 update 1 (build 61)
Linker/Locator:  ArmLink.exe V5.06 update 1 (build 61)
Library Manager: ArmAr.exe V5.06 update 1 (build 61)
Hex Converter:   FromElf.exe V5.06 update 1 (build 61)
CPU DLL:         SARMCM3.DLL V5.17
Dialog DLL:      DCM.DLL V1.13.4.0
Target DLL:      Segger\JL2CM3.dll V2.99.16.0
Dialog DLL:      TCM.DLL V1.14.6.0
 
<h2>Project:</h2>
D:\Inovative Projects\2015quadrotor\micro quadrotor\MicroQuadrotorOrigin\MDK-ARM\MicroQuadrotor.uvprojx
Project File Date:  12/19/2015

<h2>Output:</h2>
*** Using Compiler 'V5.06 update 1 (build 61)', folder: 'B:\Keil_v5\ARM\ARMCC\Bin'
Build target 'MicroQuadrotor Configuration'
compiling cpustate.c...
compiling LED.c...
compiling filter.c...
compiling Obstacles.c...
compiling Quad_Math.c...
compiling pid.c...
compiling Control.c...
..\Src\Control.c(426): warning:  #1035-D: single-precision operand implicitly converted to double-precision
  		thrustXYMax=-thrustZSp * tanf(
ILT_MAX);
..\Src\Control.c: 1 warning, 0 errors
compiling stm32f4xx_hal_msp.c...
compiling adc.c...
../Src/adc.c(63): warning:  #188-D: enumerated type mixed with another type
      for(j=0;j<=ADC_RIGHT_LED;j++)
../Src/adc.c: 1 warning, 0 errors
compiling main.c...
compiling stm32f4xx_it.c...
../Src/stm32f4xx_it.c(102): warning:  #111-D: statement is unreachable
    HAL_UART_IRQHandler(&huart1);
../Src/stm32f4xx_it.c: 1 warning, 0 errors
compiling MPU9250.c...
compiling freertos.c...
../Src/freertos.c(297): warning:  #177-D: variable "usart_counter" was declared but never referenced
      u32 usart_counter=0,usart_100mscounter=0;
../Src/freertos.c: 1 warning, 0 errors
compiling module_mpu9250.c...
compiling bmp280.c...
compiling dma.c...
compiling event_groups.c...
compiling tim.c...
compiling list.c...
compiling gpio.c...
compiling spi.c...
compiling croutine.c...
compiling usart.c...
compiling queue.c...
compiling heap_4.c...
compiling cmsis_os.c...
compiling timers.c...
compiling tasks.c...
compiling port.c...
compiling Afei_Bluetooth.c...
compiling bmp280_support.c...
assembling startup_stm32f411xe.s...
compiling stm32f4xx_hal_dma_ex.c...
compiling stm32f4xx_hal_cortex.c...
compiling stm32f4xx_hal_uart.c...
compiling stm32f4xx_hal_dma.c...
compiling stm32f4xx_hal_flash.c...
compiling stm32f4xx_hal_tim_ex.c...
compiling stm32f4xx_hal_tim.c...
compiling stm32f4xx_hal.c...
compiling stm32f4xx_hal_adc.c...
compiling stm32f4xx_hal_pwr.c...
compiling stm32f4xx_hal_pwr_ex.c...
compiling stm32f4xx_hal_flash_ramfunc.c...
compiling stm32f4xx_hal_adc_ex.c...
compiling stm32f4xx_hal_rcc.c...
compiling stm32f4xx_hal_gpio.c...
compiling system_stm32f4xx.c...
compiling stm32f4xx_hal_rcc_ex.c...
compiling stm32f4xx_hal_flash_ex.c...
compiling stm32f4xx_hal_spi.c...
linking...
Program Size: Code=41404 RO-data=1232 RW-data=940 ZI-data=36052  
FromELF: creating hex file...
"MicroQuadrotor Configuration/\.axf" - 0 Error(s), 4 Warning(s).

<h2>Software Packages used:</h2>

Package Vendor: ARM
                http://www.keil.com/pack/ARM.CMSIS.4.5.0.pack
                ARM::CMSIS:CORE:4.3.0
                CMSIS (Cortex Microcontroller Software Interface Standard)
   * Component: CORE Version: 4.3.0

<h2>Collection of Component include folders:</h2>
  D:\Inovative Projects\2015quadrotor\micro quadrotor\MicroQuadrotorOrigin\MDK-ARM\RTE
  B:\Keil_v5\ARM\PACK\ARM\CMSIS\4.5.0\CMSIS\Include
  B:\Keil_v5\ARM\PACK\Keil\STM32F4xx_DFP\2.6.0\Drivers\CMSIS\Device\ST\STM32F4xx\Include

<h2>Collection of Component Files used:</h2>

   * Component: ARM::CMSIS:CORE:4.3.0
Build Time Elapsed:  00:00:14
</pre>
</body>
</html>
