<html>
<body>
<pre>
<h1>µVision Build Log</h1>
<h2>Tool Versions:</h2>
IDE-Version: ¦ÌVision V5.17.0.0
Copyright (C) 2015 ARM Ltd and ARM Germany GmbH. All rights reserved.
License Information: Tracy Wang, HP, LIC=RC9VE-50RA6-11ZPY-I5TNN-JVCYH-PW18D
 
Tool Versions:
Toolchain:       MDK-ARM Standard  Version: 5.17
Toolchain Path:  B:\Keil_v5\ARM\ARMCC\Bin
C Compiler:      Armcc.exe V5.06 update 1 (build 61)
Assembler:       Armasm.exe V5.06 update 1 (build 61)
Linker/Locator:  ArmLink.exe V5.06 update 1 (build 61)
Library Manager: ArmAr.exe V5.06 update 1 (build 61)
Hex Converter:   FromElf.exe V5.06 update 1 (build 61)
CPU DLL:         SARMCM3.DLL V5.17
Dialog DLL:      DCM.DLL V1.13.4.0
Target DLL:      Segger\JL2CM3.dll V2.99.16.0
Dialog DLL:      TCM.DLL V1.14.6.0
 
<h2>Project:</h2>
D:\Inovative Projects\2015quadrotor\micro quadrotor\MicroQuadrotor\MDK-ARM\MicroQuadrotor.uvprojx
Project File Date:  11/22/2015

<h2>Output:</h2>
*** Using Compiler 'V5.06 update 1 (build 61)', folder: 'B:\Keil_v5\ARM\ARMCC\Bin'
Build target 'MicroQuadrotor Configuration'
compiling main.c...
compiling cpustate.c...
compiling module_mpu9250.c...
compiling stm32f4xx_hal_msp.c...
compiling freertos.c...
compiling MPU9250.c...
compiling stm32f4xx_it.c...
../Src/stm32f4xx_it.c(102): warning:  #111-D: statement is unreachable
    HAL_UART_IRQHandler(&huart1);
../Src/stm32f4xx_it.c: 1 warning, 0 errors
compiling spi.c...
compiling gpio.c...
compiling tim.c...
compiling dma.c...
compiling adc.c...
../Src/adc.c(58): warning:  #188-D: enumerated type mixed with another type
      for(j=0;j<=ADC_RIGHT_LED;j++)
../Src/adc.c: 1 warning, 0 errors
compiling usart.c...
compiling bmp280.c...
compiling Quad_Math.c...
..\Src\Quad_Math.c(424): warning:  #177-D: variable "i" was declared but never referenced
  	uint8_t i;
..\Src\Quad_Math.c: 1 warning, 0 errors
compiling event_groups.c...
compiling list.c...
compiling croutine.c...
compiling queue.c...
compiling filter.c...
compiling pid.c...
compiling port.c...
compiling Afei_Bluetooth.c...
compiling heap_4.c...
compiling Control.c...
..\Src\Control.c(120): warning:  #177-D: variable "yawRateTarget" was declared but never referenced
   	float yawRateTarget=0;
..\Src\Control.c: 1 warning, 0 errors
compiling cmsis_os.c...
compiling bmp280_support.c...
..\Src\bmp280_support.c(104): warning:  #1035-D: single-precision operand implicitly converted to double-precision
      Height=BMP280_Height*0.9+0.1*MPU9250_Height;
..\Src\bmp280_support.c(104): warning:  #1035-D: single-precision operand implicitly converted to double-precision
      Height=BMP280_Height*0.9+0.1*MPU9250_Height;
..\Src\bmp280_support.c(159): warning:  #177-D: variable "v_standby_time_u8" was declared but never referenced
  	u8 v_standby_time_u8 = BMP280_INIT_VALUE;
..\Src\bmp280_support.c: 3 warnings, 0 errors
compiling tasks.c...
compiling timers.c...
assembling startup_stm32f411xe.s...
compiling stm32f4xx_hal_dma.c...
compiling stm32f4xx_hal_dma_ex.c...
compiling stm32f4xx_hal_uart.c...
compiling stm32f4xx_hal_cortex.c...
compiling stm32f4xx_hal_flash.c...
compiling stm32f4xx_hal_tim_ex.c...
compiling stm32f4xx_hal_tim.c...
compiling stm32f4xx_hal.c...
compiling stm32f4xx_hal_pwr.c...
compiling stm32f4xx_hal_pwr_ex.c...
compiling stm32f4xx_hal_flash_ramfunc.c...
compiling stm32f4xx_hal_rcc.c...
compiling stm32f4xx_hal_adc.c...
compiling stm32f4xx_hal_adc_ex.c...
compiling stm32f4xx_hal_flash_ex.c...
compiling system_stm32f4xx.c...
compiling stm32f4xx_hal_gpio.c...
compiling stm32f4xx_hal_rcc_ex.c...
compiling stm32f4xx_hal_spi.c...
linking...
Program Size: Code=36756 RO-data=1376 RW-data=764 ZI-data=35836  
FromELF: creating hex file...
"MicroQuadrotor Configuration/\.axf" - 0 Error(s), 7 Warning(s).

<h2>Software Packages used:</h2>

Package Vendor: ARM
                http://www.keil.com/pack/ARM.CMSIS.4.5.0.pack
                ARM::CMSIS:CORE:4.3.0
                CMSIS (Cortex Microcontroller Software Interface Standard)
   * Component: CORE Version: 4.3.0

<h2>Collection of Component include folders:</h2>
  D:\Inovative Projects\2015quadrotor\micro quadrotor\MicroQuadrotor\MDK-ARM\RTE
  B:\Keil_v5\ARM\PACK\ARM\CMSIS\4.5.0\CMSIS\Include
  B:\Keil_v5\ARM\PACK\Keil\STM32F4xx_DFP\2.6.0\Drivers\CMSIS\Device\ST\STM32F4xx\Include

<h2>Collection of Component Files used:</h2>

   * Component: ARM::CMSIS:CORE:4.3.0
Build Time Elapsed:  00:00:19
</pre>
</body>
</html>
